Archive member included to satisfy reference by file (symbol)

C:\Users\frano\OneDrive\Documentos\mcu_expresso\workspaceTp\CMSISv2p00_LPC17xx\Debug\libCMSISv2p00_LPC17xx.a(system_LPC17xx.o)
                              ./src/cr_startup_lpc175x_6x.o (SystemInit)
C:\Users\frano\OneDrive\Documentos\mcu_expresso\workspaceTp\CMSISv2p00_LPC17xx\Debug\libCMSISv2p00_LPC17xx.a(lpc17xx_adc.o)
                              ./src/main.o (ADC_Init)
C:\Users\frano\OneDrive\Documentos\mcu_expresso\workspaceTp\CMSISv2p00_LPC17xx\Debug\libCMSISv2p00_LPC17xx.a(lpc17xx_clkpwr.o)
                              ./src/main.o (CLKPWR_SetPCLKDiv)
C:\Users\frano\OneDrive\Documentos\mcu_expresso\workspaceTp\CMSISv2p00_LPC17xx\Debug\libCMSISv2p00_LPC17xx.a(lpc17xx_libcfg_default.o)
                              C:\Users\frano\OneDrive\Documentos\mcu_expresso\workspaceTp\CMSISv2p00_LPC17xx\Debug\libCMSISv2p00_LPC17xx.a(lpc17xx_adc.o) (check_failed)
C:\Users\frano\OneDrive\Documentos\mcu_expresso\workspaceTp\CMSISv2p00_LPC17xx\Debug\libCMSISv2p00_LPC17xx.a(lpc17xx_pinsel.o)
                              ./src/main.o (PINSEL_ConfigPin)
C:\Users\frano\OneDrive\Documentos\mcu_expresso\workspaceTp\CMSISv2p00_LPC17xx\Debug\libCMSISv2p00_LPC17xx.a(lpc17xx_timer.o)
                              ./src/main.o (TIM_ClearIntPending)
d:/programas/mcuxpressoide_11.8.0_1165/ide/plugins/com.nxp.mcuxpresso.tools.win32_11.8.0.202306131047/tools/bin/../lib/gcc/arm-none-eabi/12.2.1/../../../../arm-none-eabi/lib/thumb/v7-m/nofp\libcr_c.a(__weak__main.o)
                              ./src/cr_startup_lpc175x_6x.o (__main)
d:/programas/mcuxpressoide_11.8.0_1165/ide/plugins/com.nxp.mcuxpresso.tools.win32_11.8.0.202306131047/tools/bin/../lib/gcc/arm-none-eabi/12.2.1/thumb/v7-m/nofp\libcr_eabihelpers.a(division_64.o)
                              C:\Users\frano\OneDrive\Documentos\mcu_expresso\workspaceTp\CMSISv2p00_LPC17xx\Debug\libCMSISv2p00_LPC17xx.a(system_LPC17xx.o) (__aeabi_ldivmod)
d:/programas/mcuxpressoide_11.8.0_1165/ide/plugins/com.nxp.mcuxpresso.tools.win32_11.8.0.202306131047/tools/bin/../lib/gcc/arm-none-eabi/12.2.1/thumb/v7-m/nofp\libcr_eabihelpers.a(division_idiv0.o)
                              d:/programas/mcuxpressoide_11.8.0_1165/ide/plugins/com.nxp.mcuxpresso.tools.win32_11.8.0.202306131047/tools/bin/../lib/gcc/arm-none-eabi/12.2.1/thumb/v7-m/nofp\libcr_eabihelpers.a(division_64.o) (__aeabi_idiv0)

Discarded input sections

 .group         0x00000000        0xc ./src/cr_startup_lpc175x_6x.o
 .text          0x00000000        0x0 ./src/cr_startup_lpc175x_6x.o
 .data          0x00000000        0x0 ./src/cr_startup_lpc175x_6x.o
 .bss           0x00000000        0x0 ./src/cr_startup_lpc175x_6x.o
 .group         0x00000000        0xc ./src/crp.o
 .group         0x00000000        0xc ./src/crp.o
 .text          0x00000000        0x0 ./src/crp.o
 .data          0x00000000        0x0 ./src/crp.o
 .bss           0x00000000        0x0 ./src/crp.o
 .debug_macro   0x00000000      0xaba ./src/crp.o
 .group         0x00000000        0xc ./src/main.o
 .group         0x00000000        0xc ./src/main.o
 .group         0x00000000        0xc ./src/main.o
 .group         0x00000000        0xc ./src/main.o
 .group         0x00000000        0xc ./src/main.o
 .group         0x00000000        0xc ./src/main.o
 .group         0x00000000        0xc ./src/main.o
 .group         0x00000000        0xc ./src/main.o
 .group         0x00000000        0xc ./src/main.o
 .group         0x00000000        0xc ./src/main.o
 .group         0x00000000        0xc ./src/main.o
 .group         0x00000000        0xc ./src/main.o
 .group         0x00000000        0xc ./src/main.o
 .group         0x00000000        0xc ./src/main.o
 .group         0x00000000        0xc ./src/main.o
 .text          0x00000000        0x0 ./src/main.o
 .data          0x00000000        0x0 ./src/main.o
 .bss           0x00000000        0x0 ./src/main.o
 .debug_macro   0x00000000      0xaba ./src/main.o
 .group         0x00000000        0xc C:\Users\frano\OneDrive\Documentos\mcu_expresso\workspaceTp\CMSISv2p00_LPC17xx\Debug\libCMSISv2p00_LPC17xx.a(system_LPC17xx.o)
 .group         0x00000000        0xc C:\Users\frano\OneDrive\Documentos\mcu_expresso\workspaceTp\CMSISv2p00_LPC17xx\Debug\libCMSISv2p00_LPC17xx.a(system_LPC17xx.o)
 .group         0x00000000        0xc C:\Users\frano\OneDrive\Documentos\mcu_expresso\workspaceTp\CMSISv2p00_LPC17xx\Debug\libCMSISv2p00_LPC17xx.a(system_LPC17xx.o)
 .group         0x00000000        0xc C:\Users\frano\OneDrive\Documentos\mcu_expresso\workspaceTp\CMSISv2p00_LPC17xx\Debug\libCMSISv2p00_LPC17xx.a(system_LPC17xx.o)
 .group         0x00000000        0xc C:\Users\frano\OneDrive\Documentos\mcu_expresso\workspaceTp\CMSISv2p00_LPC17xx\Debug\libCMSISv2p00_LPC17xx.a(system_LPC17xx.o)
 .group         0x00000000        0xc C:\Users\frano\OneDrive\Documentos\mcu_expresso\workspaceTp\CMSISv2p00_LPC17xx\Debug\libCMSISv2p00_LPC17xx.a(system_LPC17xx.o)
 .group         0x00000000        0xc C:\Users\frano\OneDrive\Documentos\mcu_expresso\workspaceTp\CMSISv2p00_LPC17xx\Debug\libCMSISv2p00_LPC17xx.a(system_LPC17xx.o)
 .group         0x00000000        0xc C:\Users\frano\OneDrive\Documentos\mcu_expresso\workspaceTp\CMSISv2p00_LPC17xx\Debug\libCMSISv2p00_LPC17xx.a(system_LPC17xx.o)
 .group         0x00000000        0xc C:\Users\frano\OneDrive\Documentos\mcu_expresso\workspaceTp\CMSISv2p00_LPC17xx\Debug\libCMSISv2p00_LPC17xx.a(system_LPC17xx.o)
 .text          0x00000000        0x0 C:\Users\frano\OneDrive\Documentos\mcu_expresso\workspaceTp\CMSISv2p00_LPC17xx\Debug\libCMSISv2p00_LPC17xx.a(system_LPC17xx.o)
 .data          0x00000000        0x0 C:\Users\frano\OneDrive\Documentos\mcu_expresso\workspaceTp\CMSISv2p00_LPC17xx\Debug\libCMSISv2p00_LPC17xx.a(system_LPC17xx.o)
 .bss           0x00000000        0x0 C:\Users\frano\OneDrive\Documentos\mcu_expresso\workspaceTp\CMSISv2p00_LPC17xx\Debug\libCMSISv2p00_LPC17xx.a(system_LPC17xx.o)
 .text.SystemCoreClockUpdate
                0x00000000       0xb8 C:\Users\frano\OneDrive\Documentos\mcu_expresso\workspaceTp\CMSISv2p00_LPC17xx\Debug\libCMSISv2p00_LPC17xx.a(system_LPC17xx.o)
 .debug_macro   0x00000000       0x10 C:\Users\frano\OneDrive\Documentos\mcu_expresso\workspaceTp\CMSISv2p00_LPC17xx\Debug\libCMSISv2p00_LPC17xx.a(system_LPC17xx.o)
 .debug_macro   0x00000000      0x12e C:\Users\frano\OneDrive\Documentos\mcu_expresso\workspaceTp\CMSISv2p00_LPC17xx\Debug\libCMSISv2p00_LPC17xx.a(system_LPC17xx.o)
 .debug_macro   0x00000000      0x5b3 C:\Users\frano\OneDrive\Documentos\mcu_expresso\workspaceTp\CMSISv2p00_LPC17xx\Debug\libCMSISv2p00_LPC17xx.a(system_LPC17xx.o)
 .debug_macro   0x00000000       0x1c C:\Users\frano\OneDrive\Documentos\mcu_expresso\workspaceTp\CMSISv2p00_LPC17xx\Debug\libCMSISv2p00_LPC17xx.a(system_LPC17xx.o)
 .debug_macro   0x00000000       0x2e C:\Users\frano\OneDrive\Documentos\mcu_expresso\workspaceTp\CMSISv2p00_LPC17xx\Debug\libCMSISv2p00_LPC17xx.a(system_LPC17xx.o)
 .debug_macro   0x00000000       0x18 C:\Users\frano\OneDrive\Documentos\mcu_expresso\workspaceTp\CMSISv2p00_LPC17xx\Debug\libCMSISv2p00_LPC17xx.a(system_LPC17xx.o)
 .debug_macro   0x00000000      0x7af C:\Users\frano\OneDrive\Documentos\mcu_expresso\workspaceTp\CMSISv2p00_LPC17xx\Debug\libCMSISv2p00_LPC17xx.a(system_LPC17xx.o)
 .debug_macro   0x00000000      0x2c7 C:\Users\frano\OneDrive\Documentos\mcu_expresso\workspaceTp\CMSISv2p00_LPC17xx\Debug\libCMSISv2p00_LPC17xx.a(system_LPC17xx.o)
 .group         0x00000000        0xc C:\Users\frano\OneDrive\Documentos\mcu_expresso\workspaceTp\CMSISv2p00_LPC17xx\Debug\libCMSISv2p00_LPC17xx.a(lpc17xx_adc.o)
 .group         0x00000000        0xc C:\Users\frano\OneDrive\Documentos\mcu_expresso\workspaceTp\CMSISv2p00_LPC17xx\Debug\libCMSISv2p00_LPC17xx.a(lpc17xx_adc.o)
 .group         0x00000000        0xc C:\Users\frano\OneDrive\Documentos\mcu_expresso\workspaceTp\CMSISv2p00_LPC17xx\Debug\libCMSISv2p00_LPC17xx.a(lpc17xx_adc.o)
 .group         0x00000000        0xc C:\Users\frano\OneDrive\Documentos\mcu_expresso\workspaceTp\CMSISv2p00_LPC17xx\Debug\libCMSISv2p00_LPC17xx.a(lpc17xx_adc.o)
 .group         0x00000000        0xc C:\Users\frano\OneDrive\Documentos\mcu_expresso\workspaceTp\CMSISv2p00_LPC17xx\Debug\libCMSISv2p00_LPC17xx.a(lpc17xx_adc.o)
 .group         0x00000000        0xc C:\Users\frano\OneDrive\Documentos\mcu_expresso\workspaceTp\CMSISv2p00_LPC17xx\Debug\libCMSISv2p00_LPC17xx.a(lpc17xx_adc.o)
 .group         0x00000000        0xc C:\Users\frano\OneDrive\Documentos\mcu_expresso\workspaceTp\CMSISv2p00_LPC17xx\Debug\libCMSISv2p00_LPC17xx.a(lpc17xx_adc.o)
 .group         0x00000000        0xc C:\Users\frano\OneDrive\Documentos\mcu_expresso\workspaceTp\CMSISv2p00_LPC17xx\Debug\libCMSISv2p00_LPC17xx.a(lpc17xx_adc.o)
 .group         0x00000000        0xc C:\Users\frano\OneDrive\Documentos\mcu_expresso\workspaceTp\CMSISv2p00_LPC17xx\Debug\libCMSISv2p00_LPC17xx.a(lpc17xx_adc.o)
 .group         0x00000000        0xc C:\Users\frano\OneDrive\Documentos\mcu_expresso\workspaceTp\CMSISv2p00_LPC17xx\Debug\libCMSISv2p00_LPC17xx.a(lpc17xx_adc.o)
 .group         0x00000000        0xc C:\Users\frano\OneDrive\Documentos\mcu_expresso\workspaceTp\CMSISv2p00_LPC17xx\Debug\libCMSISv2p00_LPC17xx.a(lpc17xx_adc.o)
 .group         0x00000000        0xc C:\Users\frano\OneDrive\Documentos\mcu_expresso\workspaceTp\CMSISv2p00_LPC17xx\Debug\libCMSISv2p00_LPC17xx.a(lpc17xx_adc.o)
 .group         0x00000000        0xc C:\Users\frano\OneDrive\Documentos\mcu_expresso\workspaceTp\CMSISv2p00_LPC17xx\Debug\libCMSISv2p00_LPC17xx.a(lpc17xx_adc.o)
 .text          0x00000000        0x0 C:\Users\frano\OneDrive\Documentos\mcu_expresso\workspaceTp\CMSISv2p00_LPC17xx\Debug\libCMSISv2p00_LPC17xx.a(lpc17xx_adc.o)
 .data          0x00000000        0x0 C:\Users\frano\OneDrive\Documentos\mcu_expresso\workspaceTp\CMSISv2p00_LPC17xx\Debug\libCMSISv2p00_LPC17xx.a(lpc17xx_adc.o)
 .bss           0x00000000        0x0 C:\Users\frano\OneDrive\Documentos\mcu_expresso\workspaceTp\CMSISv2p00_LPC17xx\Debug\libCMSISv2p00_LPC17xx.a(lpc17xx_adc.o)
 .text.ADC_DeInit
                0x00000000       0x30 C:\Users\frano\OneDrive\Documentos\mcu_expresso\workspaceTp\CMSISv2p00_LPC17xx\Debug\libCMSISv2p00_LPC17xx.a(lpc17xx_adc.o)
 .text.ADC_GetData
                0x00000000       0x10 C:\Users\frano\OneDrive\Documentos\mcu_expresso\workspaceTp\CMSISv2p00_LPC17xx\Debug\libCMSISv2p00_LPC17xx.a(lpc17xx_adc.o)
 .text.ADC_PowerdownCmd
                0x00000000       0x30 C:\Users\frano\OneDrive\Documentos\mcu_expresso\workspaceTp\CMSISv2p00_LPC17xx\Debug\libCMSISv2p00_LPC17xx.a(lpc17xx_adc.o)
 .text.ADC_EdgeStartConfig
                0x00000000       0x48 C:\Users\frano\OneDrive\Documentos\mcu_expresso\workspaceTp\CMSISv2p00_LPC17xx\Debug\libCMSISv2p00_LPC17xx.a(lpc17xx_adc.o)
 .text.ADC_GlobalGetData
                0x00000000       0x20 C:\Users\frano\OneDrive\Documentos\mcu_expresso\workspaceTp\CMSISv2p00_LPC17xx\Debug\libCMSISv2p00_LPC17xx.a(lpc17xx_adc.o)
 .text.ADC_GlobalGetStatus
                0x00000000       0x48 C:\Users\frano\OneDrive\Documentos\mcu_expresso\workspaceTp\CMSISv2p00_LPC17xx\Debug\libCMSISv2p00_LPC17xx.a(lpc17xx_adc.o)
 .debug_macro   0x00000000      0xab4 C:\Users\frano\OneDrive\Documentos\mcu_expresso\workspaceTp\CMSISv2p00_LPC17xx\Debug\libCMSISv2p00_LPC17xx.a(lpc17xx_adc.o)
 .debug_macro   0x00000000       0x1c C:\Users\frano\OneDrive\Documentos\mcu_expresso\workspaceTp\CMSISv2p00_LPC17xx\Debug\libCMSISv2p00_LPC17xx.a(lpc17xx_adc.o)
 .debug_macro   0x00000000       0x2e C:\Users\frano\OneDrive\Documentos\mcu_expresso\workspaceTp\CMSISv2p00_LPC17xx\Debug\libCMSISv2p00_LPC17xx.a(lpc17xx_adc.o)
 .debug_macro   0x00000000       0x10 C:\Users\frano\OneDrive\Documentos\mcu_expresso\workspaceTp\CMSISv2p00_LPC17xx\Debug\libCMSISv2p00_LPC17xx.a(lpc17xx_adc.o)
 .debug_macro   0x00000000      0x12e C:\Users\frano\OneDrive\Documentos\mcu_expresso\workspaceTp\CMSISv2p00_LPC17xx\Debug\libCMSISv2p00_LPC17xx.a(lpc17xx_adc.o)
 .debug_macro   0x00000000      0x5b3 C:\Users\frano\OneDrive\Documentos\mcu_expresso\workspaceTp\CMSISv2p00_LPC17xx\Debug\libCMSISv2p00_LPC17xx.a(lpc17xx_adc.o)
 .debug_macro   0x00000000       0x18 C:\Users\frano\OneDrive\Documentos\mcu_expresso\workspaceTp\CMSISv2p00_LPC17xx\Debug\libCMSISv2p00_LPC17xx.a(lpc17xx_adc.o)
 .debug_macro   0x00000000      0x7af C:\Users\frano\OneDrive\Documentos\mcu_expresso\workspaceTp\CMSISv2p00_LPC17xx\Debug\libCMSISv2p00_LPC17xx.a(lpc17xx_adc.o)
 .debug_macro   0x00000000      0x2c7 C:\Users\frano\OneDrive\Documentos\mcu_expresso\workspaceTp\CMSISv2p00_LPC17xx\Debug\libCMSISv2p00_LPC17xx.a(lpc17xx_adc.o)
 .debug_macro   0x00000000       0x63 C:\Users\frano\OneDrive\Documentos\mcu_expresso\workspaceTp\CMSISv2p00_LPC17xx\Debug\libCMSISv2p00_LPC17xx.a(lpc17xx_adc.o)
 .debug_macro   0x00000000       0xe5 C:\Users\frano\OneDrive\Documentos\mcu_expresso\workspaceTp\CMSISv2p00_LPC17xx\Debug\libCMSISv2p00_LPC17xx.a(lpc17xx_adc.o)
 .group         0x00000000        0xc C:\Users\frano\OneDrive\Documentos\mcu_expresso\workspaceTp\CMSISv2p00_LPC17xx\Debug\libCMSISv2p00_LPC17xx.a(lpc17xx_clkpwr.o)
 .group         0x00000000        0xc C:\Users\frano\OneDrive\Documentos\mcu_expresso\workspaceTp\CMSISv2p00_LPC17xx\Debug\libCMSISv2p00_LPC17xx.a(lpc17xx_clkpwr.o)
 .group         0x00000000        0xc C:\Users\frano\OneDrive\Documentos\mcu_expresso\workspaceTp\CMSISv2p00_LPC17xx\Debug\libCMSISv2p00_LPC17xx.a(lpc17xx_clkpwr.o)
 .group         0x00000000        0xc C:\Users\frano\OneDrive\Documentos\mcu_expresso\workspaceTp\CMSISv2p00_LPC17xx\Debug\libCMSISv2p00_LPC17xx.a(lpc17xx_clkpwr.o)
 .group         0x00000000        0xc C:\Users\frano\OneDrive\Documentos\mcu_expresso\workspaceTp\CMSISv2p00_LPC17xx\Debug\libCMSISv2p00_LPC17xx.a(lpc17xx_clkpwr.o)
 .group         0x00000000        0xc C:\Users\frano\OneDrive\Documentos\mcu_expresso\workspaceTp\CMSISv2p00_LPC17xx\Debug\libCMSISv2p00_LPC17xx.a(lpc17xx_clkpwr.o)
 .group         0x00000000        0xc C:\Users\frano\OneDrive\Documentos\mcu_expresso\workspaceTp\CMSISv2p00_LPC17xx\Debug\libCMSISv2p00_LPC17xx.a(lpc17xx_clkpwr.o)
 .group         0x00000000        0xc C:\Users\frano\OneDrive\Documentos\mcu_expresso\workspaceTp\CMSISv2p00_LPC17xx\Debug\libCMSISv2p00_LPC17xx.a(lpc17xx_clkpwr.o)
 .group         0x00000000        0xc C:\Users\frano\OneDrive\Documentos\mcu_expresso\workspaceTp\CMSISv2p00_LPC17xx\Debug\libCMSISv2p00_LPC17xx.a(lpc17xx_clkpwr.o)
 .group         0x00000000        0xc C:\Users\frano\OneDrive\Documentos\mcu_expresso\workspaceTp\CMSISv2p00_LPC17xx\Debug\libCMSISv2p00_LPC17xx.a(lpc17xx_clkpwr.o)
 .group         0x00000000        0xc C:\Users\frano\OneDrive\Documentos\mcu_expresso\workspaceTp\CMSISv2p00_LPC17xx\Debug\libCMSISv2p00_LPC17xx.a(lpc17xx_clkpwr.o)
 .text          0x00000000        0x0 C:\Users\frano\OneDrive\Documentos\mcu_expresso\workspaceTp\CMSISv2p00_LPC17xx\Debug\libCMSISv2p00_LPC17xx.a(lpc17xx_clkpwr.o)
 .data          0x00000000        0x0 C:\Users\frano\OneDrive\Documentos\mcu_expresso\workspaceTp\CMSISv2p00_LPC17xx\Debug\libCMSISv2p00_LPC17xx.a(lpc17xx_clkpwr.o)
 .bss           0x00000000        0x0 C:\Users\frano\OneDrive\Documentos\mcu_expresso\workspaceTp\CMSISv2p00_LPC17xx\Debug\libCMSISv2p00_LPC17xx.a(lpc17xx_clkpwr.o)
 .text.CLKPWR_Sleep
                0x00000000       0x10 C:\Users\frano\OneDrive\Documentos\mcu_expresso\workspaceTp\CMSISv2p00_LPC17xx\Debug\libCMSISv2p00_LPC17xx.a(lpc17xx_clkpwr.o)
 .text.CLKPWR_DeepSleep
                0x00000000       0x1c C:\Users\frano\OneDrive\Documentos\mcu_expresso\workspaceTp\CMSISv2p00_LPC17xx\Debug\libCMSISv2p00_LPC17xx.a(lpc17xx_clkpwr.o)
 .text.CLKPWR_PowerDown
                0x00000000       0x1c C:\Users\frano\OneDrive\Documentos\mcu_expresso\workspaceTp\CMSISv2p00_LPC17xx\Debug\libCMSISv2p00_LPC17xx.a(lpc17xx_clkpwr.o)
 .text.CLKPWR_DeepPowerDown
                0x00000000       0x1c C:\Users\frano\OneDrive\Documentos\mcu_expresso\workspaceTp\CMSISv2p00_LPC17xx\Debug\libCMSISv2p00_LPC17xx.a(lpc17xx_clkpwr.o)
 .debug_macro   0x00000000      0xab4 C:\Users\frano\OneDrive\Documentos\mcu_expresso\workspaceTp\CMSISv2p00_LPC17xx\Debug\libCMSISv2p00_LPC17xx.a(lpc17xx_clkpwr.o)
 .debug_macro   0x00000000       0x2e C:\Users\frano\OneDrive\Documentos\mcu_expresso\workspaceTp\CMSISv2p00_LPC17xx\Debug\libCMSISv2p00_LPC17xx.a(lpc17xx_clkpwr.o)
 .debug_macro   0x00000000       0x10 C:\Users\frano\OneDrive\Documentos\mcu_expresso\workspaceTp\CMSISv2p00_LPC17xx\Debug\libCMSISv2p00_LPC17xx.a(lpc17xx_clkpwr.o)
 .debug_macro   0x00000000      0x12e C:\Users\frano\OneDrive\Documentos\mcu_expresso\workspaceTp\CMSISv2p00_LPC17xx\Debug\libCMSISv2p00_LPC17xx.a(lpc17xx_clkpwr.o)
 .debug_macro   0x00000000      0x5b3 C:\Users\frano\OneDrive\Documentos\mcu_expresso\workspaceTp\CMSISv2p00_LPC17xx\Debug\libCMSISv2p00_LPC17xx.a(lpc17xx_clkpwr.o)
 .debug_macro   0x00000000       0x18 C:\Users\frano\OneDrive\Documentos\mcu_expresso\workspaceTp\CMSISv2p00_LPC17xx\Debug\libCMSISv2p00_LPC17xx.a(lpc17xx_clkpwr.o)
 .debug_macro   0x00000000      0x7af C:\Users\frano\OneDrive\Documentos\mcu_expresso\workspaceTp\CMSISv2p00_LPC17xx\Debug\libCMSISv2p00_LPC17xx.a(lpc17xx_clkpwr.o)
 .debug_macro   0x00000000       0x63 C:\Users\frano\OneDrive\Documentos\mcu_expresso\workspaceTp\CMSISv2p00_LPC17xx\Debug\libCMSISv2p00_LPC17xx.a(lpc17xx_clkpwr.o)
 .debug_macro   0x00000000      0x2f1 C:\Users\frano\OneDrive\Documentos\mcu_expresso\workspaceTp\CMSISv2p00_LPC17xx\Debug\libCMSISv2p00_LPC17xx.a(lpc17xx_clkpwr.o)
 .group         0x00000000        0xc C:\Users\frano\OneDrive\Documentos\mcu_expresso\workspaceTp\CMSISv2p00_LPC17xx\Debug\libCMSISv2p00_LPC17xx.a(lpc17xx_libcfg_default.o)
 .group         0x00000000        0xc C:\Users\frano\OneDrive\Documentos\mcu_expresso\workspaceTp\CMSISv2p00_LPC17xx\Debug\libCMSISv2p00_LPC17xx.a(lpc17xx_libcfg_default.o)
 .group         0x00000000        0xc C:\Users\frano\OneDrive\Documentos\mcu_expresso\workspaceTp\CMSISv2p00_LPC17xx\Debug\libCMSISv2p00_LPC17xx.a(lpc17xx_libcfg_default.o)
 .group         0x00000000        0xc C:\Users\frano\OneDrive\Documentos\mcu_expresso\workspaceTp\CMSISv2p00_LPC17xx\Debug\libCMSISv2p00_LPC17xx.a(lpc17xx_libcfg_default.o)
 .group         0x00000000        0xc C:\Users\frano\OneDrive\Documentos\mcu_expresso\workspaceTp\CMSISv2p00_LPC17xx\Debug\libCMSISv2p00_LPC17xx.a(lpc17xx_libcfg_default.o)
 .group         0x00000000        0xc C:\Users\frano\OneDrive\Documentos\mcu_expresso\workspaceTp\CMSISv2p00_LPC17xx\Debug\libCMSISv2p00_LPC17xx.a(lpc17xx_libcfg_default.o)
 .text          0x00000000        0x0 C:\Users\frano\OneDrive\Documentos\mcu_expresso\workspaceTp\CMSISv2p00_LPC17xx\Debug\libCMSISv2p00_LPC17xx.a(lpc17xx_libcfg_default.o)
 .data          0x00000000        0x0 C:\Users\frano\OneDrive\Documentos\mcu_expresso\workspaceTp\CMSISv2p00_LPC17xx\Debug\libCMSISv2p00_LPC17xx.a(lpc17xx_libcfg_default.o)
 .bss           0x00000000        0x0 C:\Users\frano\OneDrive\Documentos\mcu_expresso\workspaceTp\CMSISv2p00_LPC17xx\Debug\libCMSISv2p00_LPC17xx.a(lpc17xx_libcfg_default.o)
 .debug_macro   0x00000000      0xab4 C:\Users\frano\OneDrive\Documentos\mcu_expresso\workspaceTp\CMSISv2p00_LPC17xx\Debug\libCMSISv2p00_LPC17xx.a(lpc17xx_libcfg_default.o)
 .debug_macro   0x00000000       0x10 C:\Users\frano\OneDrive\Documentos\mcu_expresso\workspaceTp\CMSISv2p00_LPC17xx\Debug\libCMSISv2p00_LPC17xx.a(lpc17xx_libcfg_default.o)
 .debug_macro   0x00000000      0x12e C:\Users\frano\OneDrive\Documentos\mcu_expresso\workspaceTp\CMSISv2p00_LPC17xx\Debug\libCMSISv2p00_LPC17xx.a(lpc17xx_libcfg_default.o)
 .debug_macro   0x00000000      0x5b3 C:\Users\frano\OneDrive\Documentos\mcu_expresso\workspaceTp\CMSISv2p00_LPC17xx\Debug\libCMSISv2p00_LPC17xx.a(lpc17xx_libcfg_default.o)
 .group         0x00000000        0xc C:\Users\frano\OneDrive\Documentos\mcu_expresso\workspaceTp\CMSISv2p00_LPC17xx\Debug\libCMSISv2p00_LPC17xx.a(lpc17xx_pinsel.o)
 .group         0x00000000        0xc C:\Users\frano\OneDrive\Documentos\mcu_expresso\workspaceTp\CMSISv2p00_LPC17xx\Debug\libCMSISv2p00_LPC17xx.a(lpc17xx_pinsel.o)
 .group         0x00000000        0xc C:\Users\frano\OneDrive\Documentos\mcu_expresso\workspaceTp\CMSISv2p00_LPC17xx\Debug\libCMSISv2p00_LPC17xx.a(lpc17xx_pinsel.o)
 .group         0x00000000        0xc C:\Users\frano\OneDrive\Documentos\mcu_expresso\workspaceTp\CMSISv2p00_LPC17xx\Debug\libCMSISv2p00_LPC17xx.a(lpc17xx_pinsel.o)
 .group         0x00000000        0xc C:\Users\frano\OneDrive\Documentos\mcu_expresso\workspaceTp\CMSISv2p00_LPC17xx\Debug\libCMSISv2p00_LPC17xx.a(lpc17xx_pinsel.o)
 .group         0x00000000        0xc C:\Users\frano\OneDrive\Documentos\mcu_expresso\workspaceTp\CMSISv2p00_LPC17xx\Debug\libCMSISv2p00_LPC17xx.a(lpc17xx_pinsel.o)
 .group         0x00000000        0xc C:\Users\frano\OneDrive\Documentos\mcu_expresso\workspaceTp\CMSISv2p00_LPC17xx\Debug\libCMSISv2p00_LPC17xx.a(lpc17xx_pinsel.o)
 .group         0x00000000        0xc C:\Users\frano\OneDrive\Documentos\mcu_expresso\workspaceTp\CMSISv2p00_LPC17xx\Debug\libCMSISv2p00_LPC17xx.a(lpc17xx_pinsel.o)
 .group         0x00000000        0xc C:\Users\frano\OneDrive\Documentos\mcu_expresso\workspaceTp\CMSISv2p00_LPC17xx\Debug\libCMSISv2p00_LPC17xx.a(lpc17xx_pinsel.o)
 .group         0x00000000        0xc C:\Users\frano\OneDrive\Documentos\mcu_expresso\workspaceTp\CMSISv2p00_LPC17xx\Debug\libCMSISv2p00_LPC17xx.a(lpc17xx_pinsel.o)
 .group         0x00000000        0xc C:\Users\frano\OneDrive\Documentos\mcu_expresso\workspaceTp\CMSISv2p00_LPC17xx\Debug\libCMSISv2p00_LPC17xx.a(lpc17xx_pinsel.o)
 .text          0x00000000        0x0 C:\Users\frano\OneDrive\Documentos\mcu_expresso\workspaceTp\CMSISv2p00_LPC17xx\Debug\libCMSISv2p00_LPC17xx.a(lpc17xx_pinsel.o)
 .data          0x00000000        0x0 C:\Users\frano\OneDrive\Documentos\mcu_expresso\workspaceTp\CMSISv2p00_LPC17xx\Debug\libCMSISv2p00_LPC17xx.a(lpc17xx_pinsel.o)
 .bss           0x00000000        0x0 C:\Users\frano\OneDrive\Documentos\mcu_expresso\workspaceTp\CMSISv2p00_LPC17xx\Debug\libCMSISv2p00_LPC17xx.a(lpc17xx_pinsel.o)
 .text.PINSEL_ConfigTraceFunc
                0x00000000       0x24 C:\Users\frano\OneDrive\Documentos\mcu_expresso\workspaceTp\CMSISv2p00_LPC17xx\Debug\libCMSISv2p00_LPC17xx.a(lpc17xx_pinsel.o)
 .text.PINSEL_SetI2C0Pins
                0x00000000       0x18 C:\Users\frano\OneDrive\Documentos\mcu_expresso\workspaceTp\CMSISv2p00_LPC17xx\Debug\libCMSISv2p00_LPC17xx.a(lpc17xx_pinsel.o)
 .debug_macro   0x00000000      0xab4 C:\Users\frano\OneDrive\Documentos\mcu_expresso\workspaceTp\CMSISv2p00_LPC17xx\Debug\libCMSISv2p00_LPC17xx.a(lpc17xx_pinsel.o)
 .debug_macro   0x00000000       0x1c C:\Users\frano\OneDrive\Documentos\mcu_expresso\workspaceTp\CMSISv2p00_LPC17xx\Debug\libCMSISv2p00_LPC17xx.a(lpc17xx_pinsel.o)
 .debug_macro   0x00000000       0x2e C:\Users\frano\OneDrive\Documentos\mcu_expresso\workspaceTp\CMSISv2p00_LPC17xx\Debug\libCMSISv2p00_LPC17xx.a(lpc17xx_pinsel.o)
 .debug_macro   0x00000000       0x10 C:\Users\frano\OneDrive\Documentos\mcu_expresso\workspaceTp\CMSISv2p00_LPC17xx\Debug\libCMSISv2p00_LPC17xx.a(lpc17xx_pinsel.o)
 .debug_macro   0x00000000      0x12e C:\Users\frano\OneDrive\Documentos\mcu_expresso\workspaceTp\CMSISv2p00_LPC17xx\Debug\libCMSISv2p00_LPC17xx.a(lpc17xx_pinsel.o)
 .debug_macro   0x00000000      0x5b3 C:\Users\frano\OneDrive\Documentos\mcu_expresso\workspaceTp\CMSISv2p00_LPC17xx\Debug\libCMSISv2p00_LPC17xx.a(lpc17xx_pinsel.o)
 .debug_macro   0x00000000       0x18 C:\Users\frano\OneDrive\Documentos\mcu_expresso\workspaceTp\CMSISv2p00_LPC17xx\Debug\libCMSISv2p00_LPC17xx.a(lpc17xx_pinsel.o)
 .debug_macro   0x00000000      0x7af C:\Users\frano\OneDrive\Documentos\mcu_expresso\workspaceTp\CMSISv2p00_LPC17xx\Debug\libCMSISv2p00_LPC17xx.a(lpc17xx_pinsel.o)
 .debug_macro   0x00000000      0x2c7 C:\Users\frano\OneDrive\Documentos\mcu_expresso\workspaceTp\CMSISv2p00_LPC17xx\Debug\libCMSISv2p00_LPC17xx.a(lpc17xx_pinsel.o)
 .debug_macro   0x00000000       0x63 C:\Users\frano\OneDrive\Documentos\mcu_expresso\workspaceTp\CMSISv2p00_LPC17xx\Debug\libCMSISv2p00_LPC17xx.a(lpc17xx_pinsel.o)
 .debug_macro   0x00000000      0x13f C:\Users\frano\OneDrive\Documentos\mcu_expresso\workspaceTp\CMSISv2p00_LPC17xx\Debug\libCMSISv2p00_LPC17xx.a(lpc17xx_pinsel.o)
 .group         0x00000000        0xc C:\Users\frano\OneDrive\Documentos\mcu_expresso\workspaceTp\CMSISv2p00_LPC17xx\Debug\libCMSISv2p00_LPC17xx.a(lpc17xx_timer.o)
 .group         0x00000000        0xc C:\Users\frano\OneDrive\Documentos\mcu_expresso\workspaceTp\CMSISv2p00_LPC17xx\Debug\libCMSISv2p00_LPC17xx.a(lpc17xx_timer.o)
 .group         0x00000000        0xc C:\Users\frano\OneDrive\Documentos\mcu_expresso\workspaceTp\CMSISv2p00_LPC17xx\Debug\libCMSISv2p00_LPC17xx.a(lpc17xx_timer.o)
 .group         0x00000000        0xc C:\Users\frano\OneDrive\Documentos\mcu_expresso\workspaceTp\CMSISv2p00_LPC17xx\Debug\libCMSISv2p00_LPC17xx.a(lpc17xx_timer.o)
 .group         0x00000000        0xc C:\Users\frano\OneDrive\Documentos\mcu_expresso\workspaceTp\CMSISv2p00_LPC17xx\Debug\libCMSISv2p00_LPC17xx.a(lpc17xx_timer.o)
 .group         0x00000000        0xc C:\Users\frano\OneDrive\Documentos\mcu_expresso\workspaceTp\CMSISv2p00_LPC17xx\Debug\libCMSISv2p00_LPC17xx.a(lpc17xx_timer.o)
 .group         0x00000000        0xc C:\Users\frano\OneDrive\Documentos\mcu_expresso\workspaceTp\CMSISv2p00_LPC17xx\Debug\libCMSISv2p00_LPC17xx.a(lpc17xx_timer.o)
 .group         0x00000000        0xc C:\Users\frano\OneDrive\Documentos\mcu_expresso\workspaceTp\CMSISv2p00_LPC17xx\Debug\libCMSISv2p00_LPC17xx.a(lpc17xx_timer.o)
 .group         0x00000000        0xc C:\Users\frano\OneDrive\Documentos\mcu_expresso\workspaceTp\CMSISv2p00_LPC17xx\Debug\libCMSISv2p00_LPC17xx.a(lpc17xx_timer.o)
 .group         0x00000000        0xc C:\Users\frano\OneDrive\Documentos\mcu_expresso\workspaceTp\CMSISv2p00_LPC17xx\Debug\libCMSISv2p00_LPC17xx.a(lpc17xx_timer.o)
 .group         0x00000000        0xc C:\Users\frano\OneDrive\Documentos\mcu_expresso\workspaceTp\CMSISv2p00_LPC17xx\Debug\libCMSISv2p00_LPC17xx.a(lpc17xx_timer.o)
 .group         0x00000000        0xc C:\Users\frano\OneDrive\Documentos\mcu_expresso\workspaceTp\CMSISv2p00_LPC17xx\Debug\libCMSISv2p00_LPC17xx.a(lpc17xx_timer.o)
 .group         0x00000000        0xc C:\Users\frano\OneDrive\Documentos\mcu_expresso\workspaceTp\CMSISv2p00_LPC17xx\Debug\libCMSISv2p00_LPC17xx.a(lpc17xx_timer.o)
 .group         0x00000000        0xc C:\Users\frano\OneDrive\Documentos\mcu_expresso\workspaceTp\CMSISv2p00_LPC17xx\Debug\libCMSISv2p00_LPC17xx.a(lpc17xx_timer.o)
 .text          0x00000000        0x0 C:\Users\frano\OneDrive\Documentos\mcu_expresso\workspaceTp\CMSISv2p00_LPC17xx\Debug\libCMSISv2p00_LPC17xx.a(lpc17xx_timer.o)
 .data          0x00000000        0x0 C:\Users\frano\OneDrive\Documentos\mcu_expresso\workspaceTp\CMSISv2p00_LPC17xx\Debug\libCMSISv2p00_LPC17xx.a(lpc17xx_timer.o)
 .bss           0x00000000        0x0 C:\Users\frano\OneDrive\Documentos\mcu_expresso\workspaceTp\CMSISv2p00_LPC17xx\Debug\libCMSISv2p00_LPC17xx.a(lpc17xx_timer.o)
 .text.TIM_GetIntStatus
                0x00000000       0x50 C:\Users\frano\OneDrive\Documentos\mcu_expresso\workspaceTp\CMSISv2p00_LPC17xx\Debug\libCMSISv2p00_LPC17xx.a(lpc17xx_timer.o)
 .text.TIM_GetIntCaptureStatus
                0x00000000       0x54 C:\Users\frano\OneDrive\Documentos\mcu_expresso\workspaceTp\CMSISv2p00_LPC17xx\Debug\libCMSISv2p00_LPC17xx.a(lpc17xx_timer.o)
 .text.TIM_ClearIntCapturePending
                0x00000000       0x4c C:\Users\frano\OneDrive\Documentos\mcu_expresso\workspaceTp\CMSISv2p00_LPC17xx\Debug\libCMSISv2p00_LPC17xx.a(lpc17xx_timer.o)
 .text.TIM_ConfigStructInit
                0x00000000       0x10 C:\Users\frano\OneDrive\Documentos\mcu_expresso\workspaceTp\CMSISv2p00_LPC17xx\Debug\libCMSISv2p00_LPC17xx.a(lpc17xx_timer.o)
 .text.TIM_Init
                0x00000000      0x158 C:\Users\frano\OneDrive\Documentos\mcu_expresso\workspaceTp\CMSISv2p00_LPC17xx\Debug\libCMSISv2p00_LPC17xx.a(lpc17xx_timer.o)
 .text.TIM_DeInit
                0x00000000       0x5c C:\Users\frano\OneDrive\Documentos\mcu_expresso\workspaceTp\CMSISv2p00_LPC17xx\Debug\libCMSISv2p00_LPC17xx.a(lpc17xx_timer.o)
 .text.TIM_UpdateMatchValue
                0x00000000       0x54 C:\Users\frano\OneDrive\Documentos\mcu_expresso\workspaceTp\CMSISv2p00_LPC17xx\Debug\libCMSISv2p00_LPC17xx.a(lpc17xx_timer.o)
 .text.TIM_ConfigCapture
                0x00000000       0x78 C:\Users\frano\OneDrive\Documentos\mcu_expresso\workspaceTp\CMSISv2p00_LPC17xx\Debug\libCMSISv2p00_LPC17xx.a(lpc17xx_timer.o)
 .text.TIM_GetCaptureValue
                0x00000000       0x50 C:\Users\frano\OneDrive\Documentos\mcu_expresso\workspaceTp\CMSISv2p00_LPC17xx\Debug\libCMSISv2p00_LPC17xx.a(lpc17xx_timer.o)
 .debug_macro   0x00000000      0xab4 C:\Users\frano\OneDrive\Documentos\mcu_expresso\workspaceTp\CMSISv2p00_LPC17xx\Debug\libCMSISv2p00_LPC17xx.a(lpc17xx_timer.o)
 .debug_macro   0x00000000       0x1c C:\Users\frano\OneDrive\Documentos\mcu_expresso\workspaceTp\CMSISv2p00_LPC17xx\Debug\libCMSISv2p00_LPC17xx.a(lpc17xx_timer.o)
 .debug_macro   0x00000000       0x2e C:\Users\frano\OneDrive\Documentos\mcu_expresso\workspaceTp\CMSISv2p00_LPC17xx\Debug\libCMSISv2p00_LPC17xx.a(lpc17xx_timer.o)
 .debug_macro   0x00000000       0x10 C:\Users\frano\OneDrive\Documentos\mcu_expresso\workspaceTp\CMSISv2p00_LPC17xx\Debug\libCMSISv2p00_LPC17xx.a(lpc17xx_timer.o)
 .debug_macro   0x00000000      0x12e C:\Users\frano\OneDrive\Documentos\mcu_expresso\workspaceTp\CMSISv2p00_LPC17xx\Debug\libCMSISv2p00_LPC17xx.a(lpc17xx_timer.o)
 .debug_macro   0x00000000      0x5b3 C:\Users\frano\OneDrive\Documentos\mcu_expresso\workspaceTp\CMSISv2p00_LPC17xx\Debug\libCMSISv2p00_LPC17xx.a(lpc17xx_timer.o)
 .debug_macro   0x00000000       0x18 C:\Users\frano\OneDrive\Documentos\mcu_expresso\workspaceTp\CMSISv2p00_LPC17xx\Debug\libCMSISv2p00_LPC17xx.a(lpc17xx_timer.o)
 .debug_macro   0x00000000      0x7af C:\Users\frano\OneDrive\Documentos\mcu_expresso\workspaceTp\CMSISv2p00_LPC17xx\Debug\libCMSISv2p00_LPC17xx.a(lpc17xx_timer.o)
 .debug_macro   0x00000000      0x2c7 C:\Users\frano\OneDrive\Documentos\mcu_expresso\workspaceTp\CMSISv2p00_LPC17xx\Debug\libCMSISv2p00_LPC17xx.a(lpc17xx_timer.o)
 .debug_macro   0x00000000       0x63 C:\Users\frano\OneDrive\Documentos\mcu_expresso\workspaceTp\CMSISv2p00_LPC17xx\Debug\libCMSISv2p00_LPC17xx.a(lpc17xx_timer.o)
 .debug_macro   0x00000000      0x2f1 C:\Users\frano\OneDrive\Documentos\mcu_expresso\workspaceTp\CMSISv2p00_LPC17xx\Debug\libCMSISv2p00_LPC17xx.a(lpc17xx_timer.o)
 .debug_macro   0x00000000       0xdd C:\Users\frano\OneDrive\Documentos\mcu_expresso\workspaceTp\CMSISv2p00_LPC17xx\Debug\libCMSISv2p00_LPC17xx.a(lpc17xx_timer.o)
 .text          0x00000000        0x0 d:/programas/mcuxpressoide_11.8.0_1165/ide/plugins/com.nxp.mcuxpresso.tools.win32_11.8.0.202306131047/tools/bin/../lib/gcc/arm-none-eabi/12.2.1/../../../../arm-none-eabi/lib/thumb/v7-m/nofp\libcr_c.a(__weak__main.o)
 .data          0x00000000        0x0 d:/programas/mcuxpressoide_11.8.0_1165/ide/plugins/com.nxp.mcuxpresso.tools.win32_11.8.0.202306131047/tools/bin/../lib/gcc/arm-none-eabi/12.2.1/../../../../arm-none-eabi/lib/thumb/v7-m/nofp\libcr_c.a(__weak__main.o)
 .bss           0x00000000        0x0 d:/programas/mcuxpressoide_11.8.0_1165/ide/plugins/com.nxp.mcuxpresso.tools.win32_11.8.0.202306131047/tools/bin/../lib/gcc/arm-none-eabi/12.2.1/../../../../arm-none-eabi/lib/thumb/v7-m/nofp\libcr_c.a(__weak__main.o)
 .text          0x00000000        0x0 d:/programas/mcuxpressoide_11.8.0_1165/ide/plugins/com.nxp.mcuxpresso.tools.win32_11.8.0.202306131047/tools/bin/../lib/gcc/arm-none-eabi/12.2.1/thumb/v7-m/nofp\libcr_eabihelpers.a(division_64.o)
 .data          0x00000000        0x0 d:/programas/mcuxpressoide_11.8.0_1165/ide/plugins/com.nxp.mcuxpresso.tools.win32_11.8.0.202306131047/tools/bin/../lib/gcc/arm-none-eabi/12.2.1/thumb/v7-m/nofp\libcr_eabihelpers.a(division_64.o)
 .bss           0x00000000        0x0 d:/programas/mcuxpressoide_11.8.0_1165/ide/plugins/com.nxp.mcuxpresso.tools.win32_11.8.0.202306131047/tools/bin/../lib/gcc/arm-none-eabi/12.2.1/thumb/v7-m/nofp\libcr_eabihelpers.a(division_64.o)
 .text.__aeabi_division_ldivmod
                0x00000000       0x26 d:/programas/mcuxpressoide_11.8.0_1165/ide/plugins/com.nxp.mcuxpresso.tools.win32_11.8.0.202306131047/tools/bin/../lib/gcc/arm-none-eabi/12.2.1/thumb/v7-m/nofp\libcr_eabihelpers.a(division_64.o)
 .text.__aeabi_division_uldivmod
                0x00000000      0x174 d:/programas/mcuxpressoide_11.8.0_1165/ide/plugins/com.nxp.mcuxpresso.tools.win32_11.8.0.202306131047/tools/bin/../lib/gcc/arm-none-eabi/12.2.1/thumb/v7-m/nofp\libcr_eabihelpers.a(division_64.o)
 .ARM.attributes
                0x00000000       0x1b d:/programas/mcuxpressoide_11.8.0_1165/ide/plugins/com.nxp.mcuxpresso.tools.win32_11.8.0.202306131047/tools/bin/../lib/gcc/arm-none-eabi/12.2.1/thumb/v7-m/nofp\libcr_eabihelpers.a(division_64.o)
 .text          0x00000000        0x0 d:/programas/mcuxpressoide_11.8.0_1165/ide/plugins/com.nxp.mcuxpresso.tools.win32_11.8.0.202306131047/tools/bin/../lib/gcc/arm-none-eabi/12.2.1/thumb/v7-m/nofp\libcr_eabihelpers.a(division_idiv0.o)
 .data          0x00000000        0x0 d:/programas/mcuxpressoide_11.8.0_1165/ide/plugins/com.nxp.mcuxpresso.tools.win32_11.8.0.202306131047/tools/bin/../lib/gcc/arm-none-eabi/12.2.1/thumb/v7-m/nofp\libcr_eabihelpers.a(division_idiv0.o)
 .bss           0x00000000        0x0 d:/programas/mcuxpressoide_11.8.0_1165/ide/plugins/com.nxp.mcuxpresso.tools.win32_11.8.0.202306131047/tools/bin/../lib/gcc/arm-none-eabi/12.2.1/thumb/v7-m/nofp\libcr_eabihelpers.a(division_idiv0.o)
 .text.__aeabi_division_idiv0
                0x00000000        0x2 d:/programas/mcuxpressoide_11.8.0_1165/ide/plugins/com.nxp.mcuxpresso.tools.win32_11.8.0.202306131047/tools/bin/../lib/gcc/arm-none-eabi/12.2.1/thumb/v7-m/nofp\libcr_eabihelpers.a(division_idiv0.o)
 .ARM.attributes
                0x00000000       0x1b d:/programas/mcuxpressoide_11.8.0_1165/ide/plugins/com.nxp.mcuxpresso.tools.win32_11.8.0.202306131047/tools/bin/../lib/gcc/arm-none-eabi/12.2.1/thumb/v7-m/nofp\libcr_eabihelpers.a(division_idiv0.o)

Memory Configuration

Name             Origin             Length             Attributes
MFlash512        0x00000000         0x00080000         xr
RamLoc32         0x10000000         0x00008000         xrw
RamAHB32         0x2007c000         0x00008000         xrw
*default*        0x00000000         0xffffffff

Linker script and memory map

LOAD ./src/cr_startup_lpc175x_6x.o
LOAD ./src/crp.o
LOAD ./src/main.o
LOAD C:\Users\frano\OneDrive\Documentos\mcu_expresso\workspaceTp\CMSISv2p00_LPC17xx\Debug\libCMSISv2p00_LPC17xx.a
START GROUP
LOAD d:/programas/mcuxpressoide_11.8.0_1165/ide/plugins/com.nxp.mcuxpresso.tools.win32_11.8.0.202306131047/tools/bin/../lib/gcc/arm-none-eabi/12.2.1/../../../../arm-none-eabi/lib/thumb/v7-m/nofp\libcr_c.a
LOAD d:/programas/mcuxpressoide_11.8.0_1165/ide/plugins/com.nxp.mcuxpresso.tools.win32_11.8.0.202306131047/tools/bin/../lib/gcc/arm-none-eabi/12.2.1/thumb/v7-m/nofp\libcr_eabihelpers.a
LOAD d:/programas/mcuxpressoide_11.8.0_1165/ide/plugins/com.nxp.mcuxpresso.tools.win32_11.8.0.202306131047/tools/bin/../lib/gcc/arm-none-eabi/12.2.1/thumb/v7-m/nofp\libgcc.a
END GROUP
                0x00000000                __base_MFlash512 = 0x0
                0x00000000                __base_Flash = 0x0
                0x00080000                __top_MFlash512 = 0x80000
                0x00080000                __top_Flash = 0x80000
                0x10000000                __base_RamLoc32 = 0x10000000
                0x10000000                __base_RAM = 0x10000000
                0x10008000                __top_RamLoc32 = 0x10008000
                0x10008000                __top_RAM = 0x10008000
                0x2007c000                __base_RamAHB32 = 0x2007c000
                0x2007c000                __base_RAM2 = 0x2007c000
                0x20084000                __top_RamAHB32 = 0x20084000
                0x20084000                __top_RAM2 = 0x20084000

.text           0x00000000      0xa44
 FILL mask 0xff
                0x00000000                __vectors_start__ = ABSOLUTE (.)
 *(.isr_vector)
 .isr_vector    0x00000000       0xcc ./src/cr_startup_lpc175x_6x.o
                0x00000000                g_pfnVectors
                0x000000cc                . = ALIGN (0x4)
                0x000000cc                __section_table_start = .
                0x000000cc                __data_section_table = .
                0x000000cc        0x4 LONG 0xa44 LOADADDR (.data)
                0x000000d0        0x4 LONG 0x10000000 ADDR (.data)
                0x000000d4        0x4 LONG 0x4 SIZEOF (.data)
                0x000000d8        0x4 LONG 0xa44 LOADADDR (.data_RAM2)
                0x000000dc        0x4 LONG 0x2007c000 ADDR (.data_RAM2)
                0x000000e0        0x4 LONG 0x0 SIZEOF (.data_RAM2)
                0x000000e4                __data_section_table_end = .
                0x000000e4                __bss_section_table = .
                0x000000e4        0x4 LONG 0x10000004 ADDR (.bss)
                0x000000e8        0x4 LONG 0xc SIZEOF (.bss)
                0x000000ec        0x4 LONG 0x2007c000 ADDR (.bss_RAM2)
                0x000000f0        0x4 LONG 0x0 SIZEOF (.bss_RAM2)
                0x000000f4                __bss_section_table_end = .
                0x000000f4                __section_table_end = .
 *(.after_vectors*)
 .after_vectors
                0x000000f4      0x148 ./src/cr_startup_lpc175x_6x.o
                0x000000f4                data_init
                0x00000138                bss_init
                0x00000170                ResetISR
                0x000001ec                NMI_Handler
                0x000001f4                HardFault_Handler
                0x000001fc                MemManage_Handler
                0x00000204                BusFault_Handler
                0x0000020c                UsageFault_Handler
                0x00000214                SVC_Handler
                0x0000021c                DebugMon_Handler
                0x00000224                PendSV_Handler
                0x0000022c                SysTick_Handler
                0x00000234                EINT3_IRQHandler
                0x00000234                CANActivity_IRQHandler
                0x00000234                TIMER3_IRQHandler
                0x00000234                UART0_IRQHandler
                0x00000234                UART1_IRQHandler
                0x00000234                EINT2_IRQHandler
                0x00000234                USBActivity_IRQHandler
                0x00000234                IntDefaultHandler
                0x00000234                I2C0_IRQHandler
                0x00000234                I2C1_IRQHandler
                0x00000234                PLL1_IRQHandler
                0x00000234                SSP0_IRQHandler
                0x00000234                I2S_IRQHandler
                0x00000234                I2C2_IRQHandler
                0x00000234                RTC_IRQHandler
                0x00000234                SPI_IRQHandler
                0x00000234                RIT_IRQHandler
                0x00000234                EINT1_IRQHandler
                0x00000234                TIMER1_IRQHandler
                0x00000234                UART2_IRQHandler
                0x00000234                SSP1_IRQHandler
                0x00000234                USB_IRQHandler
                0x00000234                BOD_IRQHandler
                0x00000234                CAN_IRQHandler
                0x00000234                WDT_IRQHandler
                0x00000234                PWM1_IRQHandler
                0x00000234                QEI_IRQHandler
                0x00000234                EINT0_IRQHandler
                0x00000234                PLL0_IRQHandler
                0x00000234                DMA_IRQHandler
                0x00000234                TIMER2_IRQHandler
                0x00000234                UART3_IRQHandler
                0x00000234                MCPWM_IRQHandler
                0x00000234                ENET_IRQHandler
                0x000002fc                . = 0x2fc
 *fill*         0x0000023c       0xc0 ff
                0x000002fc                PROVIDE (__CRP_WORD_START__ = .)
 *(.crp)
 .crp           0x000002fc        0x4 ./src/crp.o
                0x000002fc                CRP_WORD
                0x00000300                PROVIDE (__CRP_WORD_END__ = .)
                0x00000001                ASSERT (! ((__CRP_WORD_START__ == __CRP_WORD_END__)), Linker CRP Enabled, but no CRP_WORD provided within application)
 *(.text*)
 .text.NVIC_EnableIRQ
                0x00000300       0x30 ./src/main.o
 .text.main     0x00000330       0x14 ./src/main.o
                0x00000330                main
 .text.configTimer
                0x00000344       0x78 ./src/main.o
                0x00000344                configTimer
 .text.configADC
                0x000003bc       0x4c ./src/main.o
                0x000003bc                configADC
 .text.configPin
                0x00000408       0x3a ./src/main.o
                0x00000408                configPin
 *fill*         0x00000442        0x2 ff
 .text.ADC_IRQHandler
                0x00000444       0x2c ./src/main.o
                0x00000444                ADC_IRQHandler
 .text.TIMER0_IRQHandler
                0x00000470       0x3c ./src/main.o
                0x00000470                TIMER0_IRQHandler
 .text.SystemInit
                0x000004ac       0xd8 C:\Users\frano\OneDrive\Documentos\mcu_expresso\workspaceTp\CMSISv2p00_LPC17xx\Debug\libCMSISv2p00_LPC17xx.a(system_LPC17xx.o)
                0x000004ac                SystemInit
 .text.ADC_Init
                0x00000584       0x58 C:\Users\frano\OneDrive\Documentos\mcu_expresso\workspaceTp\CMSISv2p00_LPC17xx\Debug\libCMSISv2p00_LPC17xx.a(lpc17xx_adc.o)
                0x00000584                ADC_Init
 .text.ADC_StartCmd
                0x000005dc       0x3c C:\Users\frano\OneDrive\Documentos\mcu_expresso\workspaceTp\CMSISv2p00_LPC17xx\Debug\libCMSISv2p00_LPC17xx.a(lpc17xx_adc.o)
                0x000005dc                ADC_StartCmd
 .text.ADC_BurstCmd
                0x00000618       0x30 C:\Users\frano\OneDrive\Documentos\mcu_expresso\workspaceTp\CMSISv2p00_LPC17xx\Debug\libCMSISv2p00_LPC17xx.a(lpc17xx_adc.o)
                0x00000618                ADC_BurstCmd
 .text.ADC_IntConfig
                0x00000648       0x44 C:\Users\frano\OneDrive\Documentos\mcu_expresso\workspaceTp\CMSISv2p00_LPC17xx\Debug\libCMSISv2p00_LPC17xx.a(lpc17xx_adc.o)
                0x00000648                ADC_IntConfig
 .text.ADC_ChannelCmd
                0x0000068c       0x34 C:\Users\frano\OneDrive\Documentos\mcu_expresso\workspaceTp\CMSISv2p00_LPC17xx\Debug\libCMSISv2p00_LPC17xx.a(lpc17xx_adc.o)
                0x0000068c                ADC_ChannelCmd
 .text.ADC_ChannelGetData
                0x000006c0       0x28 C:\Users\frano\OneDrive\Documentos\mcu_expresso\workspaceTp\CMSISv2p00_LPC17xx\Debug\libCMSISv2p00_LPC17xx.a(lpc17xx_adc.o)
                0x000006c0                ADC_ChannelGetData
 .text.ADC_ChannelGetStatus
                0x000006e8       0x50 C:\Users\frano\OneDrive\Documentos\mcu_expresso\workspaceTp\CMSISv2p00_LPC17xx\Debug\libCMSISv2p00_LPC17xx.a(lpc17xx_adc.o)
                0x000006e8                ADC_ChannelGetStatus
 .text.CLKPWR_SetPCLKDiv
                0x00000738       0x4c C:\Users\frano\OneDrive\Documentos\mcu_expresso\workspaceTp\CMSISv2p00_LPC17xx\Debug\libCMSISv2p00_LPC17xx.a(lpc17xx_clkpwr.o)
                0x00000738                CLKPWR_SetPCLKDiv
 .text.CLKPWR_GetPCLKSEL
                0x00000784       0x20 C:\Users\frano\OneDrive\Documentos\mcu_expresso\workspaceTp\CMSISv2p00_LPC17xx\Debug\libCMSISv2p00_LPC17xx.a(lpc17xx_clkpwr.o)
                0x00000784                CLKPWR_GetPCLKSEL
 .text.CLKPWR_GetPCLK
                0x000007a4       0x20 C:\Users\frano\OneDrive\Documentos\mcu_expresso\workspaceTp\CMSISv2p00_LPC17xx\Debug\libCMSISv2p00_LPC17xx.a(lpc17xx_clkpwr.o)
                0x000007a4                CLKPWR_GetPCLK
 .text.CLKPWR_ConfigPPWR
                0x000007c4       0x34 C:\Users\frano\OneDrive\Documentos\mcu_expresso\workspaceTp\CMSISv2p00_LPC17xx\Debug\libCMSISv2p00_LPC17xx.a(lpc17xx_clkpwr.o)
                0x000007c4                CLKPWR_ConfigPPWR
 .text.check_failed
                0x000007f8        0x2 C:\Users\frano\OneDrive\Documentos\mcu_expresso\workspaceTp\CMSISv2p00_LPC17xx\Debug\libCMSISv2p00_LPC17xx.a(lpc17xx_libcfg_default.o)
                0x000007f8                check_failed
 *fill*         0x000007fa        0x2 ff
 .text.PINSEL_ConfigPin
                0x000007fc       0x7c C:\Users\frano\OneDrive\Documentos\mcu_expresso\workspaceTp\CMSISv2p00_LPC17xx\Debug\libCMSISv2p00_LPC17xx.a(lpc17xx_pinsel.o)
                0x000007fc                PINSEL_ConfigPin
 .text.TIM_ClearIntPending
                0x00000878       0x4c C:\Users\frano\OneDrive\Documentos\mcu_expresso\workspaceTp\CMSISv2p00_LPC17xx\Debug\libCMSISv2p00_LPC17xx.a(lpc17xx_timer.o)
                0x00000878                TIM_ClearIntPending
 .text.TIM_Cmd  0x000008c4       0x48 C:\Users\frano\OneDrive\Documentos\mcu_expresso\workspaceTp\CMSISv2p00_LPC17xx\Debug\libCMSISv2p00_LPC17xx.a(lpc17xx_timer.o)
                0x000008c4                TIM_Cmd
 .text.TIM_ResetCounter
                0x0000090c       0x44 C:\Users\frano\OneDrive\Documentos\mcu_expresso\workspaceTp\CMSISv2p00_LPC17xx\Debug\libCMSISv2p00_LPC17xx.a(lpc17xx_timer.o)
                0x0000090c                TIM_ResetCounter
 .text.TIM_ConfigMatch
                0x00000950       0xcc C:\Users\frano\OneDrive\Documentos\mcu_expresso\workspaceTp\CMSISv2p00_LPC17xx\Debug\libCMSISv2p00_LPC17xx.a(lpc17xx_timer.o)
                0x00000950                TIM_ConfigMatch
 .text.__weak_main
                0x00000a1c        0x4 d:/programas/mcuxpressoide_11.8.0_1165/ide/plugins/com.nxp.mcuxpresso.tools.win32_11.8.0.202306131047/tools/bin/../lib/gcc/arm-none-eabi/12.2.1/../../../../arm-none-eabi/lib/thumb/v7-m/nofp\libcr_c.a(__weak__main.o)
                0x00000a1c                __weak_main
                0x00000a1c                __main
 *(.rodata .rodata.* .constdata .constdata.*)
 .rodata.ADC_Init.str1.1
                0x00000a20        0xe C:\Users\frano\OneDrive\Documentos\mcu_expresso\workspaceTp\CMSISv2p00_LPC17xx\Debug\libCMSISv2p00_LPC17xx.a(lpc17xx_adc.o)
 .rodata.CSWTCH.5
                0x00000a2e        0x4 C:\Users\frano\OneDrive\Documentos\mcu_expresso\workspaceTp\CMSISv2p00_LPC17xx\Debug\libCMSISv2p00_LPC17xx.a(lpc17xx_clkpwr.o)
 .rodata.TIM_GetIntStatus.str1.1
                0x00000a32       0x10 C:\Users\frano\OneDrive\Documentos\mcu_expresso\workspaceTp\CMSISv2p00_LPC17xx\Debug\libCMSISv2p00_LPC17xx.a(lpc17xx_timer.o)
                0x00000a44                . = ALIGN (0x4)
 *fill*         0x00000a42        0x2 ff

.glue_7         0x00000a44        0x0
 .glue_7        0x00000a44        0x0 linker stubs

.glue_7t        0x00000a44        0x0
 .glue_7t       0x00000a44        0x0 linker stubs

.vfp11_veneer   0x00000a44        0x0
 .vfp11_veneer  0x00000a44        0x0 linker stubs

.v4_bx          0x00000a44        0x0
 .v4_bx         0x00000a44        0x0 linker stubs

.iplt           0x00000a44        0x0
 .iplt          0x00000a44        0x0 ./src/cr_startup_lpc175x_6x.o

.rel.dyn        0x00000a44        0x0
 .rel.iplt      0x00000a44        0x0 ./src/cr_startup_lpc175x_6x.o

.ARM.extab
 *(.ARM.extab* .gnu.linkonce.armextab.*)

.ARM.exidx      0x00000a44        0x0
                0x00000a44                __exidx_start = .
 *(.ARM.exidx* .gnu.linkonce.armexidx.*)
                0x00000a44                __exidx_end = .
                0x00000a44                _etext = .

.data_RAM2      0x2007c000        0x0 load address 0x00000a44
 FILL mask 0xff
                [!provide]                PROVIDE (__start_data_RAM2 = .)
                [!provide]                PROVIDE (__start_data_RamAHB32 = .)
 *(.ramfunc.$RAM2)
 *(.ramfunc.$RamAHB32)
 *(.data.$RAM2)
 *(.data.$RamAHB32)
 *(.data.$RAM2.*)
 *(.data.$RamAHB32.*)
                0x2007c000                . = ALIGN (0x4)
                [!provide]                PROVIDE (__end_data_RAM2 = .)
                [!provide]                PROVIDE (__end_data_RamAHB32 = .)

.uninit_RESERVED
                0x10000000        0x0
                0x10000000                _start_uninit_RESERVED = .
 *(.bss.$RESERVED*)
                0x10000000                . = ALIGN (0x4)
                0x10000000                _end_uninit_RESERVED = .

.data           0x10000000        0x4 load address 0x00000a44
 FILL mask 0xff
                0x10000000                _data = .
                [!provide]                PROVIDE (__start_data_RAM = .)
                [!provide]                PROVIDE (__start_data_RamLoc32 = .)
 *(vtable)
 *(.ramfunc*)
 *(CodeQuickAccess)
 *(DataQuickAccess)
 *(RamFunction)
 *(.data*)
 .data.SystemCoreClock
                0x10000000        0x4 C:\Users\frano\OneDrive\Documentos\mcu_expresso\workspaceTp\CMSISv2p00_LPC17xx\Debug\libCMSISv2p00_LPC17xx.a(system_LPC17xx.o)
                0x10000000                SystemCoreClock
                0x10000004                . = ALIGN (0x4)
                0x10000004                _edata = .
                [!provide]                PROVIDE (__end_data_RAM = .)
                [!provide]                PROVIDE (__end_data_RamLoc32 = .)

.igot.plt       0x10000004        0x0 load address 0x00000a48
 .igot.plt      0x10000004        0x0 ./src/cr_startup_lpc175x_6x.o

.bss_RAM2       0x2007c000        0x0
                [!provide]                PROVIDE (__start_bss_RAM2 = .)
                [!provide]                PROVIDE (__start_bss_RamAHB32 = .)
 *(.bss.$RAM2)
 *(.bss.$RamAHB32)
 *(.bss.$RAM2.*)
 *(.bss.$RamAHB32.*)
                0x2007c000                . = ALIGN ((. != 0x0)?0x4:0x1)
                [!provide]                PROVIDE (__end_bss_RAM2 = .)
                [!provide]                PROVIDE (__end_bss_RamAHB32 = .)

.bss            0x10000004        0xc
                0x10000004                _bss = .
                [!provide]                PROVIDE (__start_bss_RAM = .)
                [!provide]                PROVIDE (__start_bss_RamLoc32 = .)
 *(.bss*)
 .bss.i         0x10000004        0x4 ./src/main.o
                0x10000004                i
 .bss.j         0x10000008        0x4 ./src/main.o
                0x10000008                j
 .bss.pinMatch  0x1000000c        0x4 ./src/main.o
                0x1000000c                pinMatch
 *(COMMON)
                0x10000010                . = ALIGN (0x4)
                0x10000010                _ebss = .
                [!provide]                PROVIDE (__end_bss_RAM = .)
                [!provide]                PROVIDE (__end_bss_RamLoc32 = .)
                [!provide]                PROVIDE (end = .)

.noinit_RAM2    0x2007c000        0x0
                [!provide]                PROVIDE (__start_noinit_RAM2 = .)
                [!provide]                PROVIDE (__start_noinit_RamAHB32 = .)
 *(.noinit.$RAM2)
 *(.noinit.$RamAHB32)
 *(.noinit.$RAM2.*)
 *(.noinit.$RamAHB32.*)
                0x2007c000                . = ALIGN (0x4)
                [!provide]                PROVIDE (__end_noinit_RAM2 = .)
                [!provide]                PROVIDE (__end_noinit_RamAHB32 = .)

.noinit         0x10000010        0x0
                0x10000010                _noinit = .
                [!provide]                PROVIDE (__start_noinit_RAM = .)
                [!provide]                PROVIDE (__start_noinit_RamLoc32 = .)
 *(.noinit*)
                0x10000010                . = ALIGN (0x4)
                0x10000010                _end_noinit = .
                [!provide]                PROVIDE (__end_noinit_RAM = .)
                [!provide]                PROVIDE (__end_noinit_RamLoc32 = .)
                [!provide]                PROVIDE (_pvHeapStart = DEFINED (__user_heap_base)?__user_heap_base:.)
                0x10008000                PROVIDE (_vStackTop = DEFINED (__user_stack_top)?__user_stack_top:(__top_RamLoc32 - 0x0))
                0xefff749e                PROVIDE (__valid_user_code_checksum = (0x0 - ((((((_vStackTop + (ResetISR + 0x1)) + (NMI_Handler + 0x1)) + (HardFault_Handler + 0x1)) + (DEFINED (MemManage_Handler)?MemManage_Handler:0x0 + 0x1)) + (DEFINED (BusFault_Handler)?BusFault_Handler:0x0 + 0x1)) + (DEFINED (UsageFault_Handler)?UsageFault_Handler:0x0 + 0x1))))
                0x00000000                _image_start = LOADADDR (.text)
                0x00000a48                _image_end = (LOADADDR (.data) + SIZEOF (.data))
                0x00000a48                _image_size = (_image_end - _image_start)
OUTPUT(TPFINALED3.axf elf32-littlearm)
LOAD linker stubs

.debug_info     0x00000000     0x300b
 .debug_info    0x00000000      0x278 ./src/cr_startup_lpc175x_6x.o
 .debug_info    0x00000278       0x41 ./src/crp.o
 .debug_info    0x000002b9      0x910 ./src/main.o
 .debug_info    0x00000bc9      0x302 C:\Users\frano\OneDrive\Documentos\mcu_expresso\workspaceTp\CMSISv2p00_LPC17xx\Debug\libCMSISv2p00_LPC17xx.a(system_LPC17xx.o)
 .debug_info    0x00000ecb      0x8ae C:\Users\frano\OneDrive\Documentos\mcu_expresso\workspaceTp\CMSISv2p00_LPC17xx\Debug\libCMSISv2p00_LPC17xx.a(lpc17xx_adc.o)
 .debug_info    0x00001779      0x64b C:\Users\frano\OneDrive\Documentos\mcu_expresso\workspaceTp\CMSISv2p00_LPC17xx\Debug\libCMSISv2p00_LPC17xx.a(lpc17xx_clkpwr.o)
 .debug_info    0x00001dc4       0xcf C:\Users\frano\OneDrive\Documentos\mcu_expresso\workspaceTp\CMSISv2p00_LPC17xx\Debug\libCMSISv2p00_LPC17xx.a(lpc17xx_libcfg_default.o)
 .debug_info    0x00001e93      0x518 C:\Users\frano\OneDrive\Documentos\mcu_expresso\workspaceTp\CMSISv2p00_LPC17xx\Debug\libCMSISv2p00_LPC17xx.a(lpc17xx_pinsel.o)
 .debug_info    0x000023ab      0xc60 C:\Users\frano\OneDrive\Documentos\mcu_expresso\workspaceTp\CMSISv2p00_LPC17xx\Debug\libCMSISv2p00_LPC17xx.a(lpc17xx_timer.o)

.debug_abbrev   0x00000000      0xe0c
 .debug_abbrev  0x00000000      0x152 ./src/cr_startup_lpc175x_6x.o
 .debug_abbrev  0x00000152       0x37 ./src/crp.o
 .debug_abbrev  0x00000189      0x258 ./src/main.o
 .debug_abbrev  0x000003e1      0x10d C:\Users\frano\OneDrive\Documentos\mcu_expresso\workspaceTp\CMSISv2p00_LPC17xx\Debug\libCMSISv2p00_LPC17xx.a(system_LPC17xx.o)
 .debug_abbrev  0x000004ee      0x1f9 C:\Users\frano\OneDrive\Documentos\mcu_expresso\workspaceTp\CMSISv2p00_LPC17xx\Debug\libCMSISv2p00_LPC17xx.a(lpc17xx_adc.o)
 .debug_abbrev  0x000006e7      0x208 C:\Users\frano\OneDrive\Documentos\mcu_expresso\workspaceTp\CMSISv2p00_LPC17xx\Debug\libCMSISv2p00_LPC17xx.a(lpc17xx_clkpwr.o)
 .debug_abbrev  0x000008ef       0x76 C:\Users\frano\OneDrive\Documentos\mcu_expresso\workspaceTp\CMSISv2p00_LPC17xx\Debug\libCMSISv2p00_LPC17xx.a(lpc17xx_libcfg_default.o)
 .debug_abbrev  0x00000965      0x1ac C:\Users\frano\OneDrive\Documentos\mcu_expresso\workspaceTp\CMSISv2p00_LPC17xx\Debug\libCMSISv2p00_LPC17xx.a(lpc17xx_pinsel.o)
 .debug_abbrev  0x00000b11      0x2fb C:\Users\frano\OneDrive\Documentos\mcu_expresso\workspaceTp\CMSISv2p00_LPC17xx\Debug\libCMSISv2p00_LPC17xx.a(lpc17xx_timer.o)

.debug_aranges  0x00000000      0x2b8
 .debug_aranges
                0x00000000       0x80 ./src/cr_startup_lpc175x_6x.o
 .debug_aranges
                0x00000080       0x18 ./src/crp.o
 .debug_aranges
                0x00000098       0x50 ./src/main.o
 .debug_aranges
                0x000000e8       0x28 C:\Users\frano\OneDrive\Documentos\mcu_expresso\workspaceTp\CMSISv2p00_LPC17xx\Debug\libCMSISv2p00_LPC17xx.a(system_LPC17xx.o)
 .debug_aranges
                0x00000110       0x80 C:\Users\frano\OneDrive\Documentos\mcu_expresso\workspaceTp\CMSISv2p00_LPC17xx\Debug\libCMSISv2p00_LPC17xx.a(lpc17xx_adc.o)
 .debug_aranges
                0x00000190       0x58 C:\Users\frano\OneDrive\Documentos\mcu_expresso\workspaceTp\CMSISv2p00_LPC17xx\Debug\libCMSISv2p00_LPC17xx.a(lpc17xx_clkpwr.o)
 .debug_aranges
                0x000001e8       0x20 C:\Users\frano\OneDrive\Documentos\mcu_expresso\workspaceTp\CMSISv2p00_LPC17xx\Debug\libCMSISv2p00_LPC17xx.a(lpc17xx_libcfg_default.o)
 .debug_aranges
                0x00000208       0x30 C:\Users\frano\OneDrive\Documentos\mcu_expresso\workspaceTp\CMSISv2p00_LPC17xx\Debug\libCMSISv2p00_LPC17xx.a(lpc17xx_pinsel.o)
 .debug_aranges
                0x00000238       0x80 C:\Users\frano\OneDrive\Documentos\mcu_expresso\workspaceTp\CMSISv2p00_LPC17xx\Debug\libCMSISv2p00_LPC17xx.a(lpc17xx_timer.o)

.debug_rnglists
                0x00000000      0x237
 .debug_rnglists
                0x00000000       0x5b ./src/cr_startup_lpc175x_6x.o
 .debug_rnglists
                0x0000005b       0x37 ./src/main.o
 .debug_rnglists
                0x00000092       0x1b C:\Users\frano\OneDrive\Documentos\mcu_expresso\workspaceTp\CMSISv2p00_LPC17xx\Debug\libCMSISv2p00_LPC17xx.a(system_LPC17xx.o)
 .debug_rnglists
                0x000000ad       0x5b C:\Users\frano\OneDrive\Documentos\mcu_expresso\workspaceTp\CMSISv2p00_LPC17xx\Debug\libCMSISv2p00_LPC17xx.a(lpc17xx_adc.o)
 .debug_rnglists
                0x00000108       0x3d C:\Users\frano\OneDrive\Documentos\mcu_expresso\workspaceTp\CMSISv2p00_LPC17xx\Debug\libCMSISv2p00_LPC17xx.a(lpc17xx_clkpwr.o)
 .debug_rnglists
                0x00000145       0x13 C:\Users\frano\OneDrive\Documentos\mcu_expresso\workspaceTp\CMSISv2p00_LPC17xx\Debug\libCMSISv2p00_LPC17xx.a(lpc17xx_libcfg_default.o)
 .debug_rnglists
                0x00000158       0x4c C:\Users\frano\OneDrive\Documentos\mcu_expresso\workspaceTp\CMSISv2p00_LPC17xx\Debug\libCMSISv2p00_LPC17xx.a(lpc17xx_pinsel.o)
 .debug_rnglists
                0x000001a4       0x93 C:\Users\frano\OneDrive\Documentos\mcu_expresso\workspaceTp\CMSISv2p00_LPC17xx\Debug\libCMSISv2p00_LPC17xx.a(lpc17xx_timer.o)

.debug_macro    0x00000000     0x3d4f
 .debug_macro   0x00000000       0x1d ./src/cr_startup_lpc175x_6x.o
 .debug_macro   0x0000001d      0xaba ./src/cr_startup_lpc175x_6x.o
 .debug_macro   0x00000ad7       0x1a ./src/crp.o
 .debug_macro   0x00000af1       0x34 ./src/crp.o
 .debug_macro   0x00000b25       0xbb ./src/main.o
 .debug_macro   0x00000be0       0x1c ./src/main.o
 .debug_macro   0x00000bfc       0x2e ./src/main.o
 .debug_macro   0x00000c2a       0x10 ./src/main.o
 .debug_macro   0x00000c3a      0x12e ./src/main.o
 .debug_macro   0x00000d68      0x5b3 ./src/main.o
 .debug_macro   0x0000131b       0x18 ./src/main.o
 .debug_macro   0x00001333      0x7af ./src/main.o
 .debug_macro   0x00001ae2      0x2c7 ./src/main.o
 .debug_macro   0x00001da9       0x63 ./src/main.o
 .debug_macro   0x00001e0c       0xe5 ./src/main.o
 .debug_macro   0x00001ef1      0x13f ./src/main.o
 .debug_macro   0x00002030       0xea ./src/main.o
 .debug_macro   0x0000211a      0x2f7 ./src/main.o
 .debug_macro   0x00002411       0x82 ./src/main.o
 .debug_macro   0x00002493      0x12b C:\Users\frano\OneDrive\Documentos\mcu_expresso\workspaceTp\CMSISv2p00_LPC17xx\Debug\libCMSISv2p00_LPC17xx.a(system_LPC17xx.o)
 .debug_macro   0x000025be      0xab4 C:\Users\frano\OneDrive\Documentos\mcu_expresso\workspaceTp\CMSISv2p00_LPC17xx\Debug\libCMSISv2p00_LPC17xx.a(system_LPC17xx.o)
 .debug_macro   0x00003072       0xa9 C:\Users\frano\OneDrive\Documentos\mcu_expresso\workspaceTp\CMSISv2p00_LPC17xx\Debug\libCMSISv2p00_LPC17xx.a(lpc17xx_adc.o)
 .debug_macro   0x0000311b      0x2f1 C:\Users\frano\OneDrive\Documentos\mcu_expresso\workspaceTp\CMSISv2p00_LPC17xx\Debug\libCMSISv2p00_LPC17xx.a(lpc17xx_adc.o)
 .debug_macro   0x0000340c       0xdd C:\Users\frano\OneDrive\Documentos\mcu_expresso\workspaceTp\CMSISv2p00_LPC17xx\Debug\libCMSISv2p00_LPC17xx.a(lpc17xx_adc.o)
 .debug_macro   0x000034e9       0x8d C:\Users\frano\OneDrive\Documentos\mcu_expresso\workspaceTp\CMSISv2p00_LPC17xx\Debug\libCMSISv2p00_LPC17xx.a(lpc17xx_clkpwr.o)
 .debug_macro   0x00003576       0x1c C:\Users\frano\OneDrive\Documentos\mcu_expresso\workspaceTp\CMSISv2p00_LPC17xx\Debug\libCMSISv2p00_LPC17xx.a(lpc17xx_clkpwr.o)
 .debug_macro   0x00003592      0x2c7 C:\Users\frano\OneDrive\Documentos\mcu_expresso\workspaceTp\CMSISv2p00_LPC17xx\Debug\libCMSISv2p00_LPC17xx.a(lpc17xx_clkpwr.o)
 .debug_macro   0x00003859       0x5a C:\Users\frano\OneDrive\Documentos\mcu_expresso\workspaceTp\CMSISv2p00_LPC17xx\Debug\libCMSISv2p00_LPC17xx.a(lpc17xx_libcfg_default.o)
 .debug_macro   0x000038b3       0x5d C:\Users\frano\OneDrive\Documentos\mcu_expresso\workspaceTp\CMSISv2p00_LPC17xx\Debug\libCMSISv2p00_LPC17xx.a(lpc17xx_libcfg_default.o)
 .debug_macro   0x00003910       0xd7 C:\Users\frano\OneDrive\Documentos\mcu_expresso\workspaceTp\CMSISv2p00_LPC17xx\Debug\libCMSISv2p00_LPC17xx.a(lpc17xx_libcfg_default.o)
 .debug_macro   0x000039e7       0x8d C:\Users\frano\OneDrive\Documentos\mcu_expresso\workspaceTp\CMSISv2p00_LPC17xx\Debug\libCMSISv2p00_LPC17xx.a(lpc17xx_pinsel.o)
 .debug_macro   0x00003a74       0xb2 C:\Users\frano\OneDrive\Documentos\mcu_expresso\workspaceTp\CMSISv2p00_LPC17xx\Debug\libCMSISv2p00_LPC17xx.a(lpc17xx_timer.o)
 .debug_macro   0x00003b26       0xe4 C:\Users\frano\OneDrive\Documentos\mcu_expresso\workspaceTp\CMSISv2p00_LPC17xx\Debug\libCMSISv2p00_LPC17xx.a(lpc17xx_timer.o)
 .debug_macro   0x00003c0a      0x145 C:\Users\frano\OneDrive\Documentos\mcu_expresso\workspaceTp\CMSISv2p00_LPC17xx\Debug\libCMSISv2p00_LPC17xx.a(lpc17xx_timer.o)

.debug_line     0x00000000     0x25a8
 .debug_line    0x00000000      0x162 ./src/cr_startup_lpc175x_6x.o
 .debug_line    0x00000162       0xb7 ./src/crp.o
 .debug_line    0x00000219      0x476 ./src/main.o
 .debug_line    0x0000068f      0x416 C:\Users\frano\OneDrive\Documentos\mcu_expresso\workspaceTp\CMSISv2p00_LPC17xx\Debug\libCMSISv2p00_LPC17xx.a(system_LPC17xx.o)
 .debug_line    0x00000aa5      0x721 C:\Users\frano\OneDrive\Documentos\mcu_expresso\workspaceTp\CMSISv2p00_LPC17xx\Debug\libCMSISv2p00_LPC17xx.a(lpc17xx_adc.o)
 .debug_line    0x000011c6      0x482 C:\Users\frano\OneDrive\Documentos\mcu_expresso\workspaceTp\CMSISv2p00_LPC17xx\Debug\libCMSISv2p00_LPC17xx.a(lpc17xx_clkpwr.o)
 .debug_line    0x00001648      0x229 C:\Users\frano\OneDrive\Documentos\mcu_expresso\workspaceTp\CMSISv2p00_LPC17xx\Debug\libCMSISv2p00_LPC17xx.a(lpc17xx_libcfg_default.o)
 .debug_line    0x00001871      0x39c C:\Users\frano\OneDrive\Documentos\mcu_expresso\workspaceTp\CMSISv2p00_LPC17xx\Debug\libCMSISv2p00_LPC17xx.a(lpc17xx_pinsel.o)
 .debug_line    0x00001c0d      0x99b C:\Users\frano\OneDrive\Documentos\mcu_expresso\workspaceTp\CMSISv2p00_LPC17xx\Debug\libCMSISv2p00_LPC17xx.a(lpc17xx_timer.o)

.debug_str      0x00000000     0xc8a0
 .debug_str     0x00000000     0x2ff8 ./src/cr_startup_lpc175x_6x.o
                               0x300b (size before relaxing)
 .debug_str     0x00002ff8       0xe9 ./src/crp.o
                               0x2ef4 (size before relaxing)
 .debug_str     0x000030e1     0x8973 ./src/main.o
                               0xb804 (size before relaxing)
 .debug_str     0x0000ba54      0x53c C:\Users\frano\OneDrive\Documentos\mcu_expresso\workspaceTp\CMSISv2p00_LPC17xx\Debug\libCMSISv2p00_LPC17xx.a(system_LPC17xx.o)
                               0x89c2 (size before relaxing)
 .debug_str     0x0000bf90      0x2ff C:\Users\frano\OneDrive\Documentos\mcu_expresso\workspaceTp\CMSISv2p00_LPC17xx\Debug\libCMSISv2p00_LPC17xx.a(lpc17xx_adc.o)
                               0xa5a9 (size before relaxing)
 .debug_str     0x0000c28f       0xee C:\Users\frano\OneDrive\Documentos\mcu_expresso\workspaceTp\CMSISv2p00_LPC17xx\Debug\libCMSISv2p00_LPC17xx.a(lpc17xx_clkpwr.o)
                               0x9bbc (size before relaxing)
 .debug_str     0x0000c37d       0x2d C:\Users\frano\OneDrive\Documentos\mcu_expresso\workspaceTp\CMSISv2p00_LPC17xx\Debug\libCMSISv2p00_LPC17xx.a(lpc17xx_libcfg_default.o)
                               0x47e9 (size before relaxing)
 .debug_str     0x0000c3aa      0x200 C:\Users\frano\OneDrive\Documentos\mcu_expresso\workspaceTp\CMSISv2p00_LPC17xx\Debug\libCMSISv2p00_LPC17xx.a(lpc17xx_pinsel.o)
                               0x8e34 (size before relaxing)
 .debug_str     0x0000c5aa      0x2f6 C:\Users\frano\OneDrive\Documentos\mcu_expresso\workspaceTp\CMSISv2p00_LPC17xx\Debug\libCMSISv2p00_LPC17xx.a(lpc17xx_timer.o)
                               0xabe1 (size before relaxing)

.comment        0x00000000       0x45
 .comment       0x00000000       0x45 ./src/cr_startup_lpc175x_6x.o
                                 0x46 (size before relaxing)
 .comment       0x00000045       0x46 ./src/crp.o
 .comment       0x00000045       0x46 ./src/main.o
 .comment       0x00000045       0x46 C:\Users\frano\OneDrive\Documentos\mcu_expresso\workspaceTp\CMSISv2p00_LPC17xx\Debug\libCMSISv2p00_LPC17xx.a(system_LPC17xx.o)
 .comment       0x00000045       0x46 C:\Users\frano\OneDrive\Documentos\mcu_expresso\workspaceTp\CMSISv2p00_LPC17xx\Debug\libCMSISv2p00_LPC17xx.a(lpc17xx_adc.o)
 .comment       0x00000045       0x46 C:\Users\frano\OneDrive\Documentos\mcu_expresso\workspaceTp\CMSISv2p00_LPC17xx\Debug\libCMSISv2p00_LPC17xx.a(lpc17xx_clkpwr.o)
 .comment       0x00000045       0x46 C:\Users\frano\OneDrive\Documentos\mcu_expresso\workspaceTp\CMSISv2p00_LPC17xx\Debug\libCMSISv2p00_LPC17xx.a(lpc17xx_libcfg_default.o)
 .comment       0x00000045       0x46 C:\Users\frano\OneDrive\Documentos\mcu_expresso\workspaceTp\CMSISv2p00_LPC17xx\Debug\libCMSISv2p00_LPC17xx.a(lpc17xx_pinsel.o)
 .comment       0x00000045       0x46 C:\Users\frano\OneDrive\Documentos\mcu_expresso\workspaceTp\CMSISv2p00_LPC17xx\Debug\libCMSISv2p00_LPC17xx.a(lpc17xx_timer.o)
 .comment       0x00000045       0x46 d:/programas/mcuxpressoide_11.8.0_1165/ide/plugins/com.nxp.mcuxpresso.tools.win32_11.8.0.202306131047/tools/bin/../lib/gcc/arm-none-eabi/12.2.1/../../../../arm-none-eabi/lib/thumb/v7-m/nofp\libcr_c.a(__weak__main.o)

.ARM.attributes
                0x00000000       0x2b
 .ARM.attributes
                0x00000000       0x2d ./src/cr_startup_lpc175x_6x.o
 .ARM.attributes
                0x0000002d       0x2d ./src/crp.o
 .ARM.attributes
                0x0000005a       0x2d ./src/main.o
 .ARM.attributes
                0x00000087       0x2d C:\Users\frano\OneDrive\Documentos\mcu_expresso\workspaceTp\CMSISv2p00_LPC17xx\Debug\libCMSISv2p00_LPC17xx.a(system_LPC17xx.o)
 .ARM.attributes
                0x000000b4       0x2d C:\Users\frano\OneDrive\Documentos\mcu_expresso\workspaceTp\CMSISv2p00_LPC17xx\Debug\libCMSISv2p00_LPC17xx.a(lpc17xx_adc.o)
 .ARM.attributes
                0x000000e1       0x2d C:\Users\frano\OneDrive\Documentos\mcu_expresso\workspaceTp\CMSISv2p00_LPC17xx\Debug\libCMSISv2p00_LPC17xx.a(lpc17xx_clkpwr.o)
 .ARM.attributes
                0x0000010e       0x2d C:\Users\frano\OneDrive\Documentos\mcu_expresso\workspaceTp\CMSISv2p00_LPC17xx\Debug\libCMSISv2p00_LPC17xx.a(lpc17xx_libcfg_default.o)
 .ARM.attributes
                0x0000013b       0x2d C:\Users\frano\OneDrive\Documentos\mcu_expresso\workspaceTp\CMSISv2p00_LPC17xx\Debug\libCMSISv2p00_LPC17xx.a(lpc17xx_pinsel.o)
 .ARM.attributes
                0x00000168       0x2d C:\Users\frano\OneDrive\Documentos\mcu_expresso\workspaceTp\CMSISv2p00_LPC17xx\Debug\libCMSISv2p00_LPC17xx.a(lpc17xx_timer.o)
 .ARM.attributes
                0x00000195       0x2d d:/programas/mcuxpressoide_11.8.0_1165/ide/plugins/com.nxp.mcuxpresso.tools.win32_11.8.0.202306131047/tools/bin/../lib/gcc/arm-none-eabi/12.2.1/../../../../arm-none-eabi/lib/thumb/v7-m/nofp\libcr_c.a(__weak__main.o)

.debug_frame    0x00000000      0x690
 .debug_frame   0x00000000      0x170 ./src/cr_startup_lpc175x_6x.o
 .debug_frame   0x00000170       0xf0 ./src/main.o
 .debug_frame   0x00000260       0x38 C:\Users\frano\OneDrive\Documentos\mcu_expresso\workspaceTp\CMSISv2p00_LPC17xx\Debug\libCMSISv2p00_LPC17xx.a(system_LPC17xx.o)
 .debug_frame   0x00000298      0x16c C:\Users\frano\OneDrive\Documentos\mcu_expresso\workspaceTp\CMSISv2p00_LPC17xx\Debug\libCMSISv2p00_LPC17xx.a(lpc17xx_adc.o)
 .debug_frame   0x00000404       0xa0 C:\Users\frano\OneDrive\Documentos\mcu_expresso\workspaceTp\CMSISv2p00_LPC17xx\Debug\libCMSISv2p00_LPC17xx.a(lpc17xx_clkpwr.o)
 .debug_frame   0x000004a4       0x20 C:\Users\frano\OneDrive\Documentos\mcu_expresso\workspaceTp\CMSISv2p00_LPC17xx\Debug\libCMSISv2p00_LPC17xx.a(lpc17xx_libcfg_default.o)
 .debug_frame   0x000004c4       0x50 C:\Users\frano\OneDrive\Documentos\mcu_expresso\workspaceTp\CMSISv2p00_LPC17xx\Debug\libCMSISv2p00_LPC17xx.a(lpc17xx_pinsel.o)
 .debug_frame   0x00000514      0x17c C:\Users\frano\OneDrive\Documentos\mcu_expresso\workspaceTp\CMSISv2p00_LPC17xx\Debug\libCMSISv2p00_LPC17xx.a(lpc17xx_timer.o)

.debug_loclists
                0x00000000      0xa8a
 .debug_loclists
                0x00000000      0x399 C:\Users\frano\OneDrive\Documentos\mcu_expresso\workspaceTp\CMSISv2p00_LPC17xx\Debug\libCMSISv2p00_LPC17xx.a(lpc17xx_adc.o)
 .debug_loclists
                0x00000399      0x11e C:\Users\frano\OneDrive\Documentos\mcu_expresso\workspaceTp\CMSISv2p00_LPC17xx\Debug\libCMSISv2p00_LPC17xx.a(lpc17xx_clkpwr.o)
 .debug_loclists
                0x000004b7       0x22 C:\Users\frano\OneDrive\Documentos\mcu_expresso\workspaceTp\CMSISv2p00_LPC17xx\Debug\libCMSISv2p00_LPC17xx.a(lpc17xx_libcfg_default.o)
 .debug_loclists
                0x000004d9       0xc2 C:\Users\frano\OneDrive\Documentos\mcu_expresso\workspaceTp\CMSISv2p00_LPC17xx\Debug\libCMSISv2p00_LPC17xx.a(lpc17xx_pinsel.o)
 .debug_loclists
                0x0000059b      0x4ef C:\Users\frano\OneDrive\Documentos\mcu_expresso\workspaceTp\CMSISv2p00_LPC17xx\Debug\libCMSISv2p00_LPC17xx.a(lpc17xx_timer.o)

Cross Reference Table

Symbol                                            File
ADC_BurstCmd                                      C:\Users\frano\OneDrive\Documentos\mcu_expresso\workspaceTp\CMSISv2p00_LPC17xx\Debug\libCMSISv2p00_LPC17xx.a(lpc17xx_adc.o)
                                                  ./src/main.o
ADC_ChannelCmd                                    C:\Users\frano\OneDrive\Documentos\mcu_expresso\workspaceTp\CMSISv2p00_LPC17xx\Debug\libCMSISv2p00_LPC17xx.a(lpc17xx_adc.o)
                                                  ./src/main.o
ADC_ChannelGetData                                C:\Users\frano\OneDrive\Documentos\mcu_expresso\workspaceTp\CMSISv2p00_LPC17xx\Debug\libCMSISv2p00_LPC17xx.a(lpc17xx_adc.o)
                                                  ./src/main.o
ADC_ChannelGetStatus                              C:\Users\frano\OneDrive\Documentos\mcu_expresso\workspaceTp\CMSISv2p00_LPC17xx\Debug\libCMSISv2p00_LPC17xx.a(lpc17xx_adc.o)
                                                  ./src/main.o
ADC_DeInit                                        C:\Users\frano\OneDrive\Documentos\mcu_expresso\workspaceTp\CMSISv2p00_LPC17xx\Debug\libCMSISv2p00_LPC17xx.a(lpc17xx_adc.o)
ADC_EdgeStartConfig                               C:\Users\frano\OneDrive\Documentos\mcu_expresso\workspaceTp\CMSISv2p00_LPC17xx\Debug\libCMSISv2p00_LPC17xx.a(lpc17xx_adc.o)
ADC_GetData                                       C:\Users\frano\OneDrive\Documentos\mcu_expresso\workspaceTp\CMSISv2p00_LPC17xx\Debug\libCMSISv2p00_LPC17xx.a(lpc17xx_adc.o)
ADC_GlobalGetData                                 C:\Users\frano\OneDrive\Documentos\mcu_expresso\workspaceTp\CMSISv2p00_LPC17xx\Debug\libCMSISv2p00_LPC17xx.a(lpc17xx_adc.o)
ADC_GlobalGetStatus                               C:\Users\frano\OneDrive\Documentos\mcu_expresso\workspaceTp\CMSISv2p00_LPC17xx\Debug\libCMSISv2p00_LPC17xx.a(lpc17xx_adc.o)
ADC_IRQHandler                                    ./src/main.o
                                                  ./src/cr_startup_lpc175x_6x.o
ADC_Init                                          C:\Users\frano\OneDrive\Documentos\mcu_expresso\workspaceTp\CMSISv2p00_LPC17xx\Debug\libCMSISv2p00_LPC17xx.a(lpc17xx_adc.o)
                                                  ./src/main.o
ADC_IntConfig                                     C:\Users\frano\OneDrive\Documentos\mcu_expresso\workspaceTp\CMSISv2p00_LPC17xx\Debug\libCMSISv2p00_LPC17xx.a(lpc17xx_adc.o)
                                                  ./src/main.o
ADC_PowerdownCmd                                  C:\Users\frano\OneDrive\Documentos\mcu_expresso\workspaceTp\CMSISv2p00_LPC17xx\Debug\libCMSISv2p00_LPC17xx.a(lpc17xx_adc.o)
ADC_StartCmd                                      C:\Users\frano\OneDrive\Documentos\mcu_expresso\workspaceTp\CMSISv2p00_LPC17xx\Debug\libCMSISv2p00_LPC17xx.a(lpc17xx_adc.o)
                                                  ./src/main.o
BOD_IRQHandler                                    ./src/cr_startup_lpc175x_6x.o
BusFault_Handler                                  ./src/cr_startup_lpc175x_6x.o
CANActivity_IRQHandler                            ./src/cr_startup_lpc175x_6x.o
CAN_IRQHandler                                    ./src/cr_startup_lpc175x_6x.o
CLKPWR_ConfigPPWR                                 C:\Users\frano\OneDrive\Documentos\mcu_expresso\workspaceTp\CMSISv2p00_LPC17xx\Debug\libCMSISv2p00_LPC17xx.a(lpc17xx_clkpwr.o)
                                                  C:\Users\frano\OneDrive\Documentos\mcu_expresso\workspaceTp\CMSISv2p00_LPC17xx\Debug\libCMSISv2p00_LPC17xx.a(lpc17xx_timer.o)
                                                  C:\Users\frano\OneDrive\Documentos\mcu_expresso\workspaceTp\CMSISv2p00_LPC17xx\Debug\libCMSISv2p00_LPC17xx.a(lpc17xx_adc.o)
CLKPWR_DeepPowerDown                              C:\Users\frano\OneDrive\Documentos\mcu_expresso\workspaceTp\CMSISv2p00_LPC17xx\Debug\libCMSISv2p00_LPC17xx.a(lpc17xx_clkpwr.o)
CLKPWR_DeepSleep                                  C:\Users\frano\OneDrive\Documentos\mcu_expresso\workspaceTp\CMSISv2p00_LPC17xx\Debug\libCMSISv2p00_LPC17xx.a(lpc17xx_clkpwr.o)
CLKPWR_GetPCLK                                    C:\Users\frano\OneDrive\Documentos\mcu_expresso\workspaceTp\CMSISv2p00_LPC17xx\Debug\libCMSISv2p00_LPC17xx.a(lpc17xx_clkpwr.o)
                                                  C:\Users\frano\OneDrive\Documentos\mcu_expresso\workspaceTp\CMSISv2p00_LPC17xx\Debug\libCMSISv2p00_LPC17xx.a(lpc17xx_timer.o)
                                                  C:\Users\frano\OneDrive\Documentos\mcu_expresso\workspaceTp\CMSISv2p00_LPC17xx\Debug\libCMSISv2p00_LPC17xx.a(lpc17xx_adc.o)
CLKPWR_GetPCLKSEL                                 C:\Users\frano\OneDrive\Documentos\mcu_expresso\workspaceTp\CMSISv2p00_LPC17xx\Debug\libCMSISv2p00_LPC17xx.a(lpc17xx_clkpwr.o)
CLKPWR_PowerDown                                  C:\Users\frano\OneDrive\Documentos\mcu_expresso\workspaceTp\CMSISv2p00_LPC17xx\Debug\libCMSISv2p00_LPC17xx.a(lpc17xx_clkpwr.o)
CLKPWR_SetPCLKDiv                                 C:\Users\frano\OneDrive\Documentos\mcu_expresso\workspaceTp\CMSISv2p00_LPC17xx\Debug\libCMSISv2p00_LPC17xx.a(lpc17xx_clkpwr.o)
                                                  C:\Users\frano\OneDrive\Documentos\mcu_expresso\workspaceTp\CMSISv2p00_LPC17xx\Debug\libCMSISv2p00_LPC17xx.a(lpc17xx_timer.o)
                                                  ./src/main.o
CLKPWR_Sleep                                      C:\Users\frano\OneDrive\Documentos\mcu_expresso\workspaceTp\CMSISv2p00_LPC17xx\Debug\libCMSISv2p00_LPC17xx.a(lpc17xx_clkpwr.o)
CRP_WORD                                          ./src/crp.o
DMA_IRQHandler                                    ./src/cr_startup_lpc175x_6x.o
DebugMon_Handler                                  ./src/cr_startup_lpc175x_6x.o
EINT0_IRQHandler                                  ./src/cr_startup_lpc175x_6x.o
EINT1_IRQHandler                                  ./src/cr_startup_lpc175x_6x.o
EINT2_IRQHandler                                  ./src/cr_startup_lpc175x_6x.o
EINT3_IRQHandler                                  ./src/cr_startup_lpc175x_6x.o
ENET_IRQHandler                                   ./src/cr_startup_lpc175x_6x.o
HardFault_Handler                                 ./src/cr_startup_lpc175x_6x.o
I2C0_IRQHandler                                   ./src/cr_startup_lpc175x_6x.o
I2C1_IRQHandler                                   ./src/cr_startup_lpc175x_6x.o
I2C2_IRQHandler                                   ./src/cr_startup_lpc175x_6x.o
I2S_IRQHandler                                    ./src/cr_startup_lpc175x_6x.o
IntDefaultHandler                                 ./src/cr_startup_lpc175x_6x.o
MCPWM_IRQHandler                                  ./src/cr_startup_lpc175x_6x.o
MemManage_Handler                                 ./src/cr_startup_lpc175x_6x.o
NMI_Handler                                       ./src/cr_startup_lpc175x_6x.o
PINSEL_ConfigPin                                  C:\Users\frano\OneDrive\Documentos\mcu_expresso\workspaceTp\CMSISv2p00_LPC17xx\Debug\libCMSISv2p00_LPC17xx.a(lpc17xx_pinsel.o)
                                                  ./src/main.o
PINSEL_ConfigTraceFunc                            C:\Users\frano\OneDrive\Documentos\mcu_expresso\workspaceTp\CMSISv2p00_LPC17xx\Debug\libCMSISv2p00_LPC17xx.a(lpc17xx_pinsel.o)
PINSEL_SetI2C0Pins                                C:\Users\frano\OneDrive\Documentos\mcu_expresso\workspaceTp\CMSISv2p00_LPC17xx\Debug\libCMSISv2p00_LPC17xx.a(lpc17xx_pinsel.o)
PLL0_IRQHandler                                   ./src/cr_startup_lpc175x_6x.o
PLL1_IRQHandler                                   ./src/cr_startup_lpc175x_6x.o
PWM1_IRQHandler                                   ./src/cr_startup_lpc175x_6x.o
PendSV_Handler                                    ./src/cr_startup_lpc175x_6x.o
QEI_IRQHandler                                    ./src/cr_startup_lpc175x_6x.o
RIT_IRQHandler                                    ./src/cr_startup_lpc175x_6x.o
RTC_IRQHandler                                    ./src/cr_startup_lpc175x_6x.o
ResetISR                                          ./src/cr_startup_lpc175x_6x.o
SPI_IRQHandler                                    ./src/cr_startup_lpc175x_6x.o
SSP0_IRQHandler                                   ./src/cr_startup_lpc175x_6x.o
SSP1_IRQHandler                                   ./src/cr_startup_lpc175x_6x.o
SVC_Handler                                       ./src/cr_startup_lpc175x_6x.o
SysTick_Handler                                   ./src/cr_startup_lpc175x_6x.o
SystemCoreClock                                   C:\Users\frano\OneDrive\Documentos\mcu_expresso\workspaceTp\CMSISv2p00_LPC17xx\Debug\libCMSISv2p00_LPC17xx.a(system_LPC17xx.o)
                                                  C:\Users\frano\OneDrive\Documentos\mcu_expresso\workspaceTp\CMSISv2p00_LPC17xx\Debug\libCMSISv2p00_LPC17xx.a(lpc17xx_clkpwr.o)
SystemCoreClockUpdate                             C:\Users\frano\OneDrive\Documentos\mcu_expresso\workspaceTp\CMSISv2p00_LPC17xx\Debug\libCMSISv2p00_LPC17xx.a(system_LPC17xx.o)
SystemInit                                        C:\Users\frano\OneDrive\Documentos\mcu_expresso\workspaceTp\CMSISv2p00_LPC17xx\Debug\libCMSISv2p00_LPC17xx.a(system_LPC17xx.o)
                                                  ./src/cr_startup_lpc175x_6x.o
TIMER0_IRQHandler                                 ./src/main.o
                                                  ./src/cr_startup_lpc175x_6x.o
TIMER1_IRQHandler                                 ./src/cr_startup_lpc175x_6x.o
TIMER2_IRQHandler                                 ./src/cr_startup_lpc175x_6x.o
TIMER3_IRQHandler                                 ./src/cr_startup_lpc175x_6x.o
TIM_ClearIntCapturePending                        C:\Users\frano\OneDrive\Documentos\mcu_expresso\workspaceTp\CMSISv2p00_LPC17xx\Debug\libCMSISv2p00_LPC17xx.a(lpc17xx_timer.o)
TIM_ClearIntPending                               C:\Users\frano\OneDrive\Documentos\mcu_expresso\workspaceTp\CMSISv2p00_LPC17xx\Debug\libCMSISv2p00_LPC17xx.a(lpc17xx_timer.o)
                                                  ./src/main.o
TIM_Cmd                                           C:\Users\frano\OneDrive\Documentos\mcu_expresso\workspaceTp\CMSISv2p00_LPC17xx\Debug\libCMSISv2p00_LPC17xx.a(lpc17xx_timer.o)
                                                  ./src/main.o
TIM_ConfigCapture                                 C:\Users\frano\OneDrive\Documentos\mcu_expresso\workspaceTp\CMSISv2p00_LPC17xx\Debug\libCMSISv2p00_LPC17xx.a(lpc17xx_timer.o)
TIM_ConfigMatch                                   C:\Users\frano\OneDrive\Documentos\mcu_expresso\workspaceTp\CMSISv2p00_LPC17xx\Debug\libCMSISv2p00_LPC17xx.a(lpc17xx_timer.o)
                                                  ./src/main.o
TIM_ConfigStructInit                              C:\Users\frano\OneDrive\Documentos\mcu_expresso\workspaceTp\CMSISv2p00_LPC17xx\Debug\libCMSISv2p00_LPC17xx.a(lpc17xx_timer.o)
TIM_DeInit                                        C:\Users\frano\OneDrive\Documentos\mcu_expresso\workspaceTp\CMSISv2p00_LPC17xx\Debug\libCMSISv2p00_LPC17xx.a(lpc17xx_timer.o)
TIM_GetCaptureValue                               C:\Users\frano\OneDrive\Documentos\mcu_expresso\workspaceTp\CMSISv2p00_LPC17xx\Debug\libCMSISv2p00_LPC17xx.a(lpc17xx_timer.o)
TIM_GetIntCaptureStatus                           C:\Users\frano\OneDrive\Documentos\mcu_expresso\workspaceTp\CMSISv2p00_LPC17xx\Debug\libCMSISv2p00_LPC17xx.a(lpc17xx_timer.o)
TIM_GetIntStatus                                  C:\Users\frano\OneDrive\Documentos\mcu_expresso\workspaceTp\CMSISv2p00_LPC17xx\Debug\libCMSISv2p00_LPC17xx.a(lpc17xx_timer.o)
TIM_Init                                          C:\Users\frano\OneDrive\Documentos\mcu_expresso\workspaceTp\CMSISv2p00_LPC17xx\Debug\libCMSISv2p00_LPC17xx.a(lpc17xx_timer.o)
TIM_ResetCounter                                  C:\Users\frano\OneDrive\Documentos\mcu_expresso\workspaceTp\CMSISv2p00_LPC17xx\Debug\libCMSISv2p00_LPC17xx.a(lpc17xx_timer.o)
                                                  ./src/main.o
TIM_UpdateMatchValue                              C:\Users\frano\OneDrive\Documentos\mcu_expresso\workspaceTp\CMSISv2p00_LPC17xx\Debug\libCMSISv2p00_LPC17xx.a(lpc17xx_timer.o)
UART0_IRQHandler                                  ./src/cr_startup_lpc175x_6x.o
UART1_IRQHandler                                  ./src/cr_startup_lpc175x_6x.o
UART2_IRQHandler                                  ./src/cr_startup_lpc175x_6x.o
UART3_IRQHandler                                  ./src/cr_startup_lpc175x_6x.o
USBActivity_IRQHandler                            ./src/cr_startup_lpc175x_6x.o
USB_IRQHandler                                    ./src/cr_startup_lpc175x_6x.o
UsageFault_Handler                                ./src/cr_startup_lpc175x_6x.o
WDT_IRQHandler                                    ./src/cr_startup_lpc175x_6x.o
__aeabi_idiv0                                     d:/programas/mcuxpressoide_11.8.0_1165/ide/plugins/com.nxp.mcuxpresso.tools.win32_11.8.0.202306131047/tools/bin/../lib/gcc/arm-none-eabi/12.2.1/thumb/v7-m/nofp\libcr_eabihelpers.a(division_idiv0.o)
                                                  d:/programas/mcuxpressoide_11.8.0_1165/ide/plugins/com.nxp.mcuxpresso.tools.win32_11.8.0.202306131047/tools/bin/../lib/gcc/arm-none-eabi/12.2.1/thumb/v7-m/nofp\libcr_eabihelpers.a(division_64.o)
__aeabi_ldivmod                                   d:/programas/mcuxpressoide_11.8.0_1165/ide/plugins/com.nxp.mcuxpresso.tools.win32_11.8.0.202306131047/tools/bin/../lib/gcc/arm-none-eabi/12.2.1/thumb/v7-m/nofp\libcr_eabihelpers.a(division_64.o)
                                                  C:\Users\frano\OneDrive\Documentos\mcu_expresso\workspaceTp\CMSISv2p00_LPC17xx\Debug\libCMSISv2p00_LPC17xx.a(system_LPC17xx.o)
__aeabi_uldivmod                                  d:/programas/mcuxpressoide_11.8.0_1165/ide/plugins/com.nxp.mcuxpresso.tools.win32_11.8.0.202306131047/tools/bin/../lib/gcc/arm-none-eabi/12.2.1/thumb/v7-m/nofp\libcr_eabihelpers.a(division_64.o)
                                                  C:\Users\frano\OneDrive\Documentos\mcu_expresso\workspaceTp\CMSISv2p00_LPC17xx\Debug\libCMSISv2p00_LPC17xx.a(lpc17xx_timer.o)
                                                  C:\Users\frano\OneDrive\Documentos\mcu_expresso\workspaceTp\CMSISv2p00_LPC17xx\Debug\libCMSISv2p00_LPC17xx.a(system_LPC17xx.o)
__bhs_ldivmod1                                    d:/programas/mcuxpressoide_11.8.0_1165/ide/plugins/com.nxp.mcuxpresso.tools.win32_11.8.0.202306131047/tools/bin/../lib/gcc/arm-none-eabi/12.2.1/thumb/v7-m/nofp\libcr_eabihelpers.a(division_64.o)
__bss_section_table_end                           ./src/cr_startup_lpc175x_6x.o
__data_section_table                              ./src/cr_startup_lpc175x_6x.o
__data_section_table_end                          ./src/cr_startup_lpc175x_6x.o
__main                                            d:/programas/mcuxpressoide_11.8.0_1165/ide/plugins/com.nxp.mcuxpresso.tools.win32_11.8.0.202306131047/tools/bin/../lib/gcc/arm-none-eabi/12.2.1/../../../../arm-none-eabi/lib/thumb/v7-m/nofp\libcr_c.a(__weak__main.o)
                                                  ./src/cr_startup_lpc175x_6x.o
__valid_user_code_checksum                        ./src/cr_startup_lpc175x_6x.o
__weak_main                                       d:/programas/mcuxpressoide_11.8.0_1165/ide/plugins/com.nxp.mcuxpresso.tools.win32_11.8.0.202306131047/tools/bin/../lib/gcc/arm-none-eabi/12.2.1/../../../../arm-none-eabi/lib/thumb/v7-m/nofp\libcr_c.a(__weak__main.o)
_vStackTop                                        ./src/cr_startup_lpc175x_6x.o
bss_init                                          ./src/cr_startup_lpc175x_6x.o
check_failed                                      C:\Users\frano\OneDrive\Documentos\mcu_expresso\workspaceTp\CMSISv2p00_LPC17xx\Debug\libCMSISv2p00_LPC17xx.a(lpc17xx_libcfg_default.o)
                                                  C:\Users\frano\OneDrive\Documentos\mcu_expresso\workspaceTp\CMSISv2p00_LPC17xx\Debug\libCMSISv2p00_LPC17xx.a(lpc17xx_timer.o)
                                                  C:\Users\frano\OneDrive\Documentos\mcu_expresso\workspaceTp\CMSISv2p00_LPC17xx\Debug\libCMSISv2p00_LPC17xx.a(lpc17xx_adc.o)
configADC                                         ./src/main.o
configPin                                         ./src/main.o
configTimer                                       ./src/main.o
data_init                                         ./src/cr_startup_lpc175x_6x.o
g_pfnVectors                                      ./src/cr_startup_lpc175x_6x.o
i                                                 ./src/main.o
j                                                 ./src/main.o
main                                              ./src/main.o
                                                  d:/programas/mcuxpressoide_11.8.0_1165/ide/plugins/com.nxp.mcuxpresso.tools.win32_11.8.0.202306131047/tools/bin/../lib/gcc/arm-none-eabi/12.2.1/../../../../arm-none-eabi/lib/thumb/v7-m/nofp\libcr_c.a(__weak__main.o)
pinMatch                                          ./src/main.o
